**********************
Windows PowerShell transcript start
Start time: 20251016223456
Username: DESKTOP-Q6QR0I1\elriz
RunAs User: DESKTOP-Q6QR0I1\elriz
Configuration Name: 
Machine: DESKTOP-Q6QR0I1 (Microsoft Windows NT 10.0.19045.0)
Host Application: C:\WINDOWS\system32\WindowsPowerShell\v1.0\PowerShell_ISE.exe
Process ID: 35248
PSVersion: 5.1.19041.6456
PSEdition: Desktop
PSCompatibleVersions: 1.0, 2.0, 3.0, 4.0, 5.0, 5.1.19041.6456
BuildVersion: 10.0.19041.6456
CLRVersion: 4.0.30319.42000
WSManStackVersion: 3.0
PSRemotingProtocolVersion: 2.3
SerializationVersion: 1.1.0.1
**********************
Transcript started, output file is C:\Users\elriz\Documents\_coderepositories\bestOfRoms\results\results_mm.txt
Transcript started. Output being saved to: C:\Users\elriz\Documents\_coderepositories\bestOfRoms\results\results_mm.txt
Confirmed full write permissions on destination directory.
Starting file copy process using System.IO.File::Copy method...
Destination Directory: D:\ROMs\Genesis\_BEST
Initial Fuzzy Match Threshold: 70%
--------------------------------------------------------

Processing entry: 'Streets of Rage 2' (Searching for 'Streets Rage 2' at 70%)
PS C:\Users\elriz\Documents\_coderepositories\bestOfRoms> TerminatingError(Measure-Object): "A parameter cannot be found that matches parameter name 'Count'."
Measure-Object : A parameter cannot be found that matches parameter name 'Count'.
At C:\Users\elriz\Documents\_coderepositories\bestOfRoms\MOVE_ROMS.ps1:189 char:91
+ ... lTokensContained | Where-Object { $_ } | Measure-Object -Count).Count
+                                                             ~~~~~~
    + CategoryInfo          : InvalidArgument: (:) [Measure-Object], ParameterBindingException
    + FullyQualifiedErrorId : NamedParameterNotFound,Microsoft.PowerShell.Commands.MeasureObjectCommand
Measure-Object : A parameter cannot be found that matches parameter name 'Count'.
At C:\Users\elriz\Documents\_coderepositories\bestOfRoms\MOVE_ROMS.ps1:189 char:91
+ ... lTokensContained | Where-Object { $_ } | Measure-Object -Count).Count
+                                                             ~~~~~~
    + CategoryInfo          : InvalidArgument: (:) [Measure-Object], ParameterBindingException
    + FullyQualifiedErrorId : NamedParameterNotFound,Microsoft.PowerShell.Commands.MeasureObjectCommand

PS C:\Users\elriz\Documents\_coderepositories\bestOfRoms> TerminatingError(Measure-Object): "A parameter cannot be found that matches parameter name 'Count'."
Measure-Object : A parameter cannot be found that matches parameter name 'Count'.
At C:\Users\elriz\Documents\_coderepositories\bestOfRoms\MOVE_ROMS.ps1:189 char:91
+ ... lTokensContained | Where-Object { $_ } | Measure-Object -Count).Count
+                                                             ~~~~~~
    + CategoryInfo          : InvalidArgument: (:) [Measure-Object], ParameterBindingException
    + FullyQualifiedErrorId : NamedParameterNotFound,Microsoft.PowerShell.Commands.MeasureObjectCommand
Measure-Object : A parameter cannot be found that matches parameter name 'Count'.
At C:\Users\elriz\Documents\_coderepositories\bestOfRoms\MOVE_ROMS.ps1:189 char:91
+ ... lTokensContained | Where-Object { $_ } | Measure-Object -Count).Count
+                                                             ~~~~~~
    + CategoryInfo          : InvalidArgument: (:) [Measure-Object], ParameterBindingException
    + FullyQualifiedErrorId : NamedParameterNotFound,Microsoft.PowerShell.Commands.MeasureObjectCommand

PS C:\Users\elriz\Documents\_coderepositories\bestOfRoms> TerminatingError(Measure-Object): "A parameter cannot be found that matches parameter name 'Count'."
Measure-Object : A parameter cannot be found that matches parameter name 'Count'.
At C:\Users\elriz\Documents\_coderepositories\bestOfRoms\MOVE_ROMS.ps1:189 char:91
+ ... lTokensContained | Where-Object { $_ } | Measure-Object -Count).Count
+                                                             ~~~~~~
    + CategoryInfo          : InvalidArgument: (:) [Measure-Object], ParameterBindingException
    + FullyQualifiedErrorId : NamedParameterNotFound,Microsoft.PowerShell.Commands.MeasureObjectCommand
Measure-Object : A parameter cannot be found that matches parameter name 'Count'.
At C:\Users\elriz\Documents\_coderepositories\bestOfRoms\MOVE_ROMS.ps1:189 char:91
+ ... lTokensContained | Where-Object { $_ } | Measure-Object -Count).Count
+                                                             ~~~~~~
    + CategoryInfo          : InvalidArgument: (:) [Measure-Object], ParameterBindingException
    + FullyQualifiedErrorId : NamedParameterNotFound,Microsoft.PowerShell.Commands.MeasureObjectCommand

PS C:\Users\elriz\Documents\_coderepositories\bestOfRoms> TerminatingError(Measure-Object): "A parameter cannot be found that matches parameter name 'Count'."
Measure-Object : A parameter cannot be found that matches parameter name 'Count'.
At C:\Users\elriz\Documents\_coderepositories\bestOfRoms\MOVE_ROMS.ps1:189 char:91
+ ... lTokensContained | Where-Object { $_ } | Measure-Object -Count).Count
+                                                             ~~~~~~
    + CategoryInfo          : InvalidArgument: (:) [Measure-Object], ParameterBindingException
    + FullyQualifiedErrorId : NamedParameterNotFound,Microsoft.PowerShell.Commands.MeasureObjectCommand
Measure-Object : A parameter cannot be found that matches parameter name 'Count'.
At C:\Users\elriz\Documents\_coderepositories\bestOfRoms\MOVE_ROMS.ps1:189 char:91
+ ... lTokensContained | Where-Object { $_ } | Measure-Object -Count).Count
+                                                             ~~~~~~
    + CategoryInfo          : InvalidArgument: (:) [Measure-Object], ParameterBindingException
    + FullyQualifiedErrorId : NamedParameterNotFound,Microsoft.PowerShell.Commands.MeasureObjectCommand

PS C:\Users\elriz\Documents\_coderepositories\bestOfRoms> TerminatingError(Measure-Object): "A parameter cannot be found that matches parameter name 'Count'."
Measure-Object : A parameter cannot be found that matches parameter name 'Count'.
At C:\Users\elriz\Documents\_coderepositories\bestOfRoms\MOVE_ROMS.ps1:189 char:91
+ ... lTokensContained | Where-Object { $_ } | Measure-Object -Count).Count
+                                                             ~~~~~~
    + CategoryInfo          : InvalidArgument: (:) [Measure-Object], ParameterBindingException
    + FullyQualifiedErrorId : NamedParameterNotFound,Microsoft.PowerShell.Commands.MeasureObjectCommand
Measure-Object : A parameter cannot be found that matches parameter name 'Count'.
At C:\Users\elriz\Documents\_coderepositories\bestOfRoms\MOVE_ROMS.ps1:189 char:91
+ ... lTokensContained | Where-Object { $_ } | Measure-Object -Count).Count
+                                                             ~~~~~~
    + CategoryInfo          : InvalidArgument: (:) [Measure-Object], ParameterBindingException
    + FullyQualifiedErrorId : NamedParameterNotFound,Microsoft.PowerShell.Commands.MeasureObjectCommand

PS C:\Users\elriz\Documents\_coderepositories\bestOfRoms> TerminatingError(Measure-Object): "A parameter cannot be found that matches parameter name 'Count'."
Measure-Object : A parameter cannot be found that matches parameter name 'Count'.
At C:\Users\elriz\Documents\_coderepositories\bestOfRoms\MOVE_ROMS.ps1:189 char:91
+ ... lTokensContained | Where-Object { $_ } | Measure-Object -Count).Count
+                                                             ~~~~~~
    + CategoryInfo          : InvalidArgument: (:) [Measure-Object], ParameterBindingException
    + FullyQualifiedErrorId : NamedParameterNotFound,Microsoft.PowerShell.Commands.MeasureObjectCommand
Measure-Object : A parameter cannot be found that matches parameter name 'Count'.
At C:\Users\elriz\Documents\_coderepositories\bestOfRoms\MOVE_ROMS.ps1:189 char:91
+ ... lTokensContained | Where-Object { $_ } | Measure-Object -Count).Count
+                                                             ~~~~~~
    + CategoryInfo          : InvalidArgument: (:) [Measure-Object], ParameterBindingException
    + FullyQualifiedErrorId : NamedParameterNotFound,Microsoft.PowerShell.Commands.MeasureObjectCommand

PS C:\Users\elriz\Documents\_coderepositories\bestOfRoms> TerminatingError(Measure-Object): "A parameter cannot be found that matches parameter name 'Count'."
Measure-Object : A parameter cannot be found that matches parameter name 'Count'.
At C:\Users\elriz\Documents\_coderepositories\bestOfRoms\MOVE_ROMS.ps1:189 char:91
+ ... lTokensContained | Where-Object { $_ } | Measure-Object -Count).Count
+                                                             ~~~~~~
    + CategoryInfo          : InvalidArgument: (:) [Measure-Object], ParameterBindingException
    + FullyQualifiedErrorId : NamedParameterNotFound,Microsoft.PowerShell.Commands.MeasureObjectCommand
Measure-Object : A parameter cannot be found that matches parameter name 'Count'.
At C:\Users\elriz\Documents\_coderepositories\bestOfRoms\MOVE_ROMS.ps1:189 char:91
+ ... lTokensContained | Where-Object { $_ } | Measure-Object -Count).Count
+                                                             ~~~~~~
    + CategoryInfo          : InvalidArgument: (:) [Measure-Object], ParameterBindingException
    + FullyQualifiedErrorId : NamedParameterNotFound,Microsoft.PowerShell.Commands.MeasureObjectCommand

PS C:\Users\elriz\Documents\_coderepositories\bestOfRoms> TerminatingError(Measure-Object): "A parameter cannot be found that matches parameter name 'Count'."
Measure-Object : A parameter cannot be found that matches parameter name 'Count'.
At C:\Users\elriz\Documents\_coderepositories\bestOfRoms\MOVE_ROMS.ps1:189 char:91
+ ... lTokensContained | Where-Object { $_ } | Measure-Object -Count).Count
+                                                             ~~~~~~
    + CategoryInfo          : InvalidArgument: (:) [Measure-Object], ParameterBindingException
    + FullyQualifiedErrorId : NamedParameterNotFound,Microsoft.PowerShell.Commands.MeasureObjectCommand
Measure-Object : A parameter cannot be found that matches parameter name 'Count'.
At C:\Users\elriz\Documents\_coderepositories\bestOfRoms\MOVE_ROMS.ps1:189 char:91
+ ... lTokensContained | Where-Object { $_ } | Measure-Object -Count).Count
+                                                             ~~~~~~
    + CategoryInfo          : InvalidArgument: (:) [Measure-Object], ParameterBindingException
    + FullyQualifiedErrorId : NamedParameterNotFound,Microsoft.PowerShell.Commands.MeasureObjectCommand

PS C:\Users\elriz\Documents\_coderepositories\bestOfRoms> TerminatingError(Measure-Object): "A parameter cannot be found that matches parameter name 'Count'."
Measure-Object : A parameter cannot be found that matches parameter name 'Count'.
At C:\Users\elriz\Documents\_coderepositories\bestOfRoms\MOVE_ROMS.ps1:189 char:91
+ ... lTokensContained | Where-Object { $_ } | Measure-Object -Count).Count
+                                                             ~~~~~~
    + CategoryInfo          : InvalidArgument: (:) [Measure-Object], ParameterBindingException
    + FullyQualifiedErrorId : NamedParameterNotFound,Microsoft.PowerShell.Commands.MeasureObjectCommand
Measure-Object : A parameter cannot be found that matches parameter name 'Count'.
At C:\Users\elriz\Documents\_coderepositories\bestOfRoms\MOVE_ROMS.ps1:189 char:91
+ ... lTokensContained | Where-Object { $_ } | Measure-Object -Count).Count
+                                                             ~~~~~~
    + CategoryInfo          : InvalidArgument: (:) [Measure-Object], ParameterBindingException
    + FullyQualifiedErrorId : NamedParameterNotFound,Microsoft.PowerShell.Commands.MeasureObjectCommand

PS C:\Users\elriz\Documents\_coderepositories\bestOfRoms> TerminatingError(Measure-Object): "A parameter cannot be found that matches parameter name 'Count'."
Measure-Object : A parameter cannot be found that matches parameter name 'Count'.
At C:\Users\elriz\Documents\_coderepositories\bestOfRoms\MOVE_ROMS.ps1:189 char:91
+ ... lTokensContained | Where-Object { $_ } | Measure-Object -Count).Count
+                                                             ~~~~~~
    + CategoryInfo          : InvalidArgument: (:) [Measure-Object], ParameterBindingException
    + FullyQualifiedErrorId : NamedParameterNotFound,Microsoft.PowerShell.Commands.MeasureObjectCommand
Measure-Object : A parameter cannot be found that matches parameter name 'Count'.
At C:\Users\elriz\Documents\_coderepositories\bestOfRoms\MOVE_ROMS.ps1:189 char:91
+ ... lTokensContained | Where-Object { $_ } | Measure-Object -Count).Count
+                                                             ~~~~~~
    + CategoryInfo          : InvalidArgument: (:) [Measure-Object], ParameterBindingException
    + FullyQualifiedErrorId : NamedParameterNotFound,Microsoft.PowerShell.Commands.MeasureObjectCommand

PS C:\Users\elriz\Documents\_coderepositories\bestOfRoms> TerminatingError(Measure-Object): "A parameter cannot be found that matches parameter name 'Count'."
Measure-Object : A parameter cannot be found that matches parameter name 'Count'.
At C:\Users\elriz\Documents\_coderepositories\bestOfRoms\MOVE_ROMS.ps1:189 char:91
+ ... lTokensContained | Where-Object { $_ } | Measure-Object -Count).Count
+                                                             ~~~~~~
    + CategoryInfo          : InvalidArgument: (:) [Measure-Object], ParameterBindingException
    + FullyQualifiedErrorId : NamedParameterNotFound,Microsoft.PowerShell.Commands.MeasureObjectCommand
Measure-Object : A parameter cannot be found that matches parameter name 'Count'.
At C:\Users\elriz\Documents\_coderepositories\bestOfRoms\MOVE_ROMS.ps1:189 char:91
+ ... lTokensContained | Where-Object { $_ } | Measure-Object -Count).Count
+                                                             ~~~~~~
    + CategoryInfo          : InvalidArgument: (:) [Measure-Object], ParameterBindingException
    + FullyQualifiedErrorId : NamedParameterNotFound,Microsoft.PowerShell.Commands.MeasureObjectCommand

PS C:\Users\elriz\Documents\_coderepositories\bestOfRoms> TerminatingError(Measure-Object): "A parameter cannot be found that matches parameter name 'Count'."
Measure-Object : A parameter cannot be found that matches parameter name 'Count'.
At C:\Users\elriz\Documents\_coderepositories\bestOfRoms\MOVE_ROMS.ps1:189 char:91
+ ... lTokensContained | Where-Object { $_ } | Measure-Object -Count).Count
+                                                             ~~~~~~
    + CategoryInfo          : InvalidArgument: (:) [Measure-Object], ParameterBindingException
    + FullyQualifiedErrorId : NamedParameterNotFound,Microsoft.PowerShell.Commands.MeasureObjectCommand
Measure-Object : A parameter cannot be found that matches parameter name 'Count'.
At C:\Users\elriz\Documents\_coderepositories\bestOfRoms\MOVE_ROMS.ps1:189 char:91
+ ... lTokensContained | Where-Object { $_ } | Measure-Object -Count).Count
+                                                             ~~~~~~
    + CategoryInfo          : InvalidArgument: (:) [Measure-Object], ParameterBindingException
    + FullyQualifiedErrorId : NamedParameterNotFound,Microsoft.PowerShell.Commands.MeasureObjectCommand

PS C:\Users\elriz\Documents\_coderepositories\bestOfRoms> TerminatingError(Measure-Object): "A parameter cannot be found that matches parameter name 'Count'."
Measure-Object : A parameter cannot be found that matches parameter name 'Count'.
At C:\Users\elriz\Documents\_coderepositories\bestOfRoms\MOVE_ROMS.ps1:189 char:91
+ ... lTokensContained | Where-Object { $_ } | Measure-Object -Count).Count
+                                                             ~~~~~~
    + CategoryInfo          : InvalidArgument: (:) [Measure-Object], ParameterBindingException
    + FullyQualifiedErrorId : NamedParameterNotFound,Microsoft.PowerShell.Commands.MeasureObjectCommand
Measure-Object : A parameter cannot be found that matches parameter name 'Count'.
At C:\Users\elriz\Documents\_coderepositories\bestOfRoms\MOVE_ROMS.ps1:189 char:91
+ ... lTokensContained | Where-Object { $_ } | Measure-Object -Count).Count
+                                                             ~~~~~~
    + CategoryInfo          : InvalidArgument: (:) [Measure-Object], ParameterBindingException
    + FullyQualifiedErrorId : NamedParameterNotFound,Microsoft.PowerShell.Commands.MeasureObjectCommand

PS C:\Users\elriz\Documents\_coderepositories\bestOfRoms> TerminatingError(Measure-Object): "A parameter cannot be found that matches parameter name 'Count'."
Measure-Object : A parameter cannot be found that matches parameter name 'Count'.
At C:\Users\elriz\Documents\_coderepositories\bestOfRoms\MOVE_ROMS.ps1:189 char:91
+ ... lTokensContained | Where-Object { $_ } | Measure-Object -Count).Count
+                                                             ~~~~~~
    + CategoryInfo          : InvalidArgument: (:) [Measure-Object], ParameterBindingException
    + FullyQualifiedErrorId : NamedParameterNotFound,Microsoft.PowerShell.Commands.MeasureObjectCommand
Measure-Object : A parameter cannot be found that matches parameter name 'Count'.
At C:\Users\elriz\Documents\_coderepositories\bestOfRoms\MOVE_ROMS.ps1:189 char:91
+ ... lTokensContained | Where-Object { $_ } | Measure-Object -Count).Count
+                                                             ~~~~~~
    + CategoryInfo          : InvalidArgument: (:) [Measure-Object], ParameterBindingException
    + FullyQualifiedErrorId : NamedParameterNotFound,Microsoft.PowerShell.Commands.MeasureObjectCommand

PS C:\Users\elriz\Documents\_coderepositories\bestOfRoms> TerminatingError(Measure-Object): "A parameter cannot be found that matches parameter name 'Count'."
Measure-Object : A parameter cannot be found that matches parameter name 'Count'.
At C:\Users\elriz\Documents\_coderepositories\bestOfRoms\MOVE_ROMS.ps1:189 char:91
+ ... lTokensContained | Where-Object { $_ } | Measure-Object -Count).Count
+                                                             ~~~~~~
    + CategoryInfo          : InvalidArgument: (:) [Measure-Object], ParameterBindingException
    + FullyQualifiedErrorId : NamedParameterNotFound,Microsoft.PowerShell.Commands.MeasureObjectCommand
Measure-Object : A parameter cannot be found that matches parameter name 'Count'.
At C:\Users\elriz\Documents\_coderepositories\bestOfRoms\MOVE_ROMS.ps1:189 char:91
+ ... lTokensContained | Where-Object { $_ } | Measure-Object -Count).Count
+                                                             ~~~~~~
    + CategoryInfo          : InvalidArgument: (:) [Measure-Object], ParameterBindingException
    + FullyQualifiedErrorId : NamedParameterNotFound,Microsoft.PowerShell.Commands.MeasureObjectCommand

PS C:\Users\elriz\Documents\_coderepositories\bestOfRoms> TerminatingError(Measure-Object): "A parameter cannot be found that matches parameter name 'Count'."
Measure-Object : A parameter cannot be found that matches parameter name 'Count'.
At C:\Users\elriz\Documents\_coderepositories\bestOfRoms\MOVE_ROMS.ps1:189 char:91
+ ... lTokensContained | Where-Object { $_ } | Measure-Object -Count).Count
+                                                             ~~~~~~
    + CategoryInfo          : InvalidArgument: (:) [Measure-Object], ParameterBindingException
    + FullyQualifiedErrorId : NamedParameterNotFound,Microsoft.PowerShell.Commands.MeasureObjectCommand
Measure-Object : A parameter cannot be found that matches parameter name 'Count'.
At C:\Users\elriz\Documents\_coderepositories\bestOfRoms\MOVE_ROMS.ps1:189 char:91
+ ... lTokensContained | Where-Object { $_ } | Measure-Object -Count).Count
+                                                             ~~~~~~
    + CategoryInfo          : InvalidArgument: (:) [Measure-Object], ParameterBindingException
    + FullyQualifiedErrorId : NamedParameterNotFound,Microsoft.PowerShell.Commands.MeasureObjectCommand

PS C:\Users\elriz\Documents\_coderepositories\bestOfRoms> TerminatingError(Measure-Object): "A parameter cannot be found that matches parameter name 'Count'."
Measure-Object : A parameter cannot be found that matches parameter name 'Count'.
At C:\Users\elriz\Documents\_coderepositories\bestOfRoms\MOVE_ROMS.ps1:189 char:91
+ ... lTokensContained | Where-Object { $_ } | Measure-Object -Count).Count
+                                                             ~~~~~~
    + CategoryInfo          : InvalidArgument: (:) [Measure-Object], ParameterBindingException
    + FullyQualifiedErrorId : NamedParameterNotFound,Microsoft.PowerShell.Commands.MeasureObjectCommand
Measure-Object : A parameter cannot be found that matches parameter name 'Count'.
At C:\Users\elriz\Documents\_coderepositories\bestOfRoms\MOVE_ROMS.ps1:189 char:91
+ ... lTokensContained | Where-Object { $_ } | Measure-Object -Count).Count
+                                                             ~~~~~~
    + CategoryInfo          : InvalidArgument: (:) [Measure-Object], ParameterBindingException
    + FullyQualifiedErrorId : NamedParameterNotFound,Microsoft.PowerShell.Commands.MeasureObjectCommand

PS C:\Users\elriz\Documents\_coderepositories\bestOfRoms> TerminatingError(Measure-Object): "A parameter cannot be found that matches parameter name 'Count'."
Measure-Object : A parameter cannot be found that matches parameter name 'Count'.
At C:\Users\elriz\Documents\_coderepositories\bestOfRoms\MOVE_ROMS.ps1:189 char:91
+ ... lTokensContained | Where-Object { $_ } | Measure-Object -Count).Count
+                                                             ~~~~~~
    + CategoryInfo          : InvalidArgument: (:) [Measure-Object], ParameterBindingException
    + FullyQualifiedErrorId : NamedParameterNotFound,Microsoft.PowerShell.Commands.MeasureObjectCommand
Measure-Object : A parameter cannot be found that matches parameter name 'Count'.
At C:\Users\elriz\Documents\_coderepositories\bestOfRoms\MOVE_ROMS.ps1:189 char:91
+ ... lTokensContained | Where-Object { $_ } | Measure-Object -Count).Count
+                                                             ~~~~~~
    + CategoryInfo          : InvalidArgument: (:) [Measure-Object], ParameterBindingException
    + FullyQualifiedErrorId : NamedParameterNotFound,Microsoft.PowerShell.Commands.MeasureObjectCommand

PS C:\Users\elriz\Documents\_coderepositories\bestOfRoms> TerminatingError(Measure-Object): "A parameter cannot be found that matches parameter name 'Count'."
Measure-Object : A parameter cannot be found that matches parameter name 'Count'.
At C:\Users\elriz\Documents\_coderepositories\bestOfRoms\MOVE_ROMS.ps1:189 char:91
+ ... lTokensContained | Where-Object { $_ } | Measure-Object -Count).Count
+                                                             ~~~~~~
    + CategoryInfo          : InvalidArgument: (:) [Measure-Object], ParameterBindingException
    + FullyQualifiedErrorId : NamedParameterNotFound,Microsoft.PowerShell.Commands.MeasureObjectCommand
Measure-Object : A parameter cannot be found that matches parameter name 'Count'.
At C:\Users\elriz\Documents\_coderepositories\bestOfRoms\MOVE_ROMS.ps1:189 char:91
+ ... lTokensContained | Where-Object { $_ } | Measure-Object -Count).Count
+                                                             ~~~~~~
    + CategoryInfo          : InvalidArgument: (:) [Measure-Object], ParameterBindingException
    + FullyQualifiedErrorId : NamedParameterNotFound,Microsoft.PowerShell.Commands.MeasureObjectCommand

PS C:\Users\elriz\Documents\_coderepositories\bestOfRoms> TerminatingError(Measure-Object): "A parameter cannot be found that matches parameter name 'Count'."
Measure-Object : A parameter cannot be found that matches parameter name 'Count'.
At C:\Users\elriz\Documents\_coderepositories\bestOfRoms\MOVE_ROMS.ps1:189 char:91
+ ... lTokensContained | Where-Object { $_ } | Measure-Object -Count).Count
+                                                             ~~~~~~
    + CategoryInfo          : InvalidArgument: (:) [Measure-Object], ParameterBindingException
    + FullyQualifiedErrorId : NamedParameterNotFound,Microsoft.PowerShell.Commands.MeasureObjectCommand
Measure-Object : A parameter cannot be found that matches parameter name 'Count'.
At C:\Users\elriz\Documents\_coderepositories\bestOfRoms\MOVE_ROMS.ps1:189 char:91
+ ... lTokensContained | Where-Object { $_ } | Measure-Object -Count).Count
+                                                             ~~~~~~
    + CategoryInfo          : InvalidArgument: (:) [Measure-Object], ParameterBindingException
    + FullyQualifiedErrorId : NamedParameterNotFound,Microsoft.PowerShell.Commands.MeasureObjectCommand

PS C:\Users\elriz\Documents\_coderepositories\bestOfRoms> TerminatingError(Measure-Object): "A parameter cannot be found that matches parameter name 'Count'."
Measure-Object : A parameter cannot be found that matches parameter name 'Count'.
At C:\Users\elriz\Documents\_coderepositories\bestOfRoms\MOVE_ROMS.ps1:189 char:91
+ ... lTokensContained | Where-Object { $_ } | Measure-Object -Count).Count
+                                                             ~~~~~~
    + CategoryInfo          : InvalidArgument: (:) [Measure-Object], ParameterBindingException
    + FullyQualifiedErrorId : NamedParameterNotFound,Microsoft.PowerShell.Commands.MeasureObjectCommand
Measure-Object : A parameter cannot be found that matches parameter name 'Count'.
At C:\Users\elriz\Documents\_coderepositories\bestOfRoms\MOVE_ROMS.ps1:189 char:91
+ ... lTokensContained | Where-Object { $_ } | Measure-Object -Count).Count
+                                                             ~~~~~~
    + CategoryInfo          : InvalidArgument: (:) [Measure-Object], ParameterBindingException
    + FullyQualifiedErrorId : NamedParameterNotFound,Microsoft.PowerShell.Commands.MeasureObjectCommand

PS C:\Users\elriz\Documents\_coderepositories\bestOfRoms> TerminatingError(Measure-Object): "A parameter cannot be found that matches parameter name 'Count'."
Measure-Object : A parameter cannot be found that matches parameter name 'Count'.
At C:\Users\elriz\Documents\_coderepositories\bestOfRoms\MOVE_ROMS.ps1:189 char:91
+ ... lTokensContained | Where-Object { $_ } | Measure-Object -Count).Count
+                                                             ~~~~~~
    + CategoryInfo          : InvalidArgument: (:) [Measure-Object], ParameterBindingException
    + FullyQualifiedErrorId : NamedParameterNotFound,Microsoft.PowerShell.Commands.MeasureObjectCommand
Measure-Object : A parameter cannot be found that matches parameter name 'Count'.
At C:\Users\elriz\Documents\_coderepositories\bestOfRoms\MOVE_ROMS.ps1:189 char:91
+ ... lTokensContained | Where-Object { $_ } | Measure-Object -Count).Count
+                                                             ~~~~~~
    + CategoryInfo          : InvalidArgument: (:) [Measure-Object], ParameterBindingException
    + FullyQualifiedErrorId : NamedParameterNotFound,Microsoft.PowerShell.Commands.MeasureObjectCommand

PS C:\Users\elriz\Documents\_coderepositories\bestOfRoms> TerminatingError(Measure-Object): "A parameter cannot be found that matches parameter name 'Count'."
Measure-Object : A parameter cannot be found that matches parameter name 'Count'.
At C:\Users\elriz\Documents\_coderepositories\bestOfRoms\MOVE_ROMS.ps1:189 char:91
+ ... lTokensContained | Where-Object { $_ } | Measure-Object -Count).Count
+                                                             ~~~~~~
    + CategoryInfo          : InvalidArgument: (:) [Measure-Object], ParameterBindingException
    + FullyQualifiedErrorId : NamedParameterNotFound,Microsoft.PowerShell.Commands.MeasureObjectCommand
Measure-Object : A parameter cannot be found that matches parameter name 'Count'.
At C:\Users\elriz\Documents\_coderepositories\bestOfRoms\MOVE_ROMS.ps1:189 char:91
+ ... lTokensContained | Where-Object { $_ } | Measure-Object -Count).Count
+                                                             ~~~~~~
    + CategoryInfo          : InvalidArgument: (:) [Measure-Object], ParameterBindingException
    + FullyQualifiedErrorId : NamedParameterNotFound,Microsoft.PowerShell.Commands.MeasureObjectCommand

PS C:\Users\elriz\Documents\_coderepositories\bestOfRoms> TerminatingError(Measure-Object): "A parameter cannot be found that matches parameter name 'Count'."
Measure-Object : A parameter cannot be found that matches parameter name 'Count'.
At C:\Users\elriz\Documents\_coderepositories\bestOfRoms\MOVE_ROMS.ps1:189 char:91
+ ... lTokensContained | Where-Object { $_ } | Measure-Object -Count).Count
+                                                             ~~~~~~
    + CategoryInfo          : InvalidArgument: (:) [Measure-Object], ParameterBindingException
    + FullyQualifiedErrorId : NamedParameterNotFound,Microsoft.PowerShell.Commands.MeasureObjectCommand
Measure-Object : A parameter cannot be found that matches parameter name 'Count'.
At C:\Users\elriz\Documents\_coderepositories\bestOfRoms\MOVE_ROMS.ps1:189 char:91
+ ... lTokensContained | Where-Object { $_ } | Measure-Object -Count).Count
+                                                             ~~~~~~
    + CategoryInfo          : InvalidArgument: (:) [Measure-Object], ParameterBindingException
    + FullyQualifiedErrorId : NamedParameterNotFound,Microsoft.PowerShell.Commands.MeasureObjectCommand

PS C:\Users\elriz\Documents\_coderepositories\bestOfRoms> TerminatingError(Measure-Object): "A parameter cannot be found that matches parameter name 'Count'."
Measure-Object : A parameter cannot be found that matches parameter name 'Count'.
At C:\Users\elriz\Documents\_coderepositories\bestOfRoms\MOVE_ROMS.ps1:189 char:91
+ ... lTokensContained | Where-Object { $_ } | Measure-Object -Count).Count
+                                                             ~~~~~~
    + CategoryInfo          : InvalidArgument: (:) [Measure-Object], ParameterBindingException
    + FullyQualifiedErrorId : NamedParameterNotFound,Microsoft.PowerShell.Commands.MeasureObjectCommand
Measure-Object : A parameter cannot be found that matches parameter name 'Count'.
At C:\Users\elriz\Documents\_coderepositories\bestOfRoms\MOVE_ROMS.ps1:189 char:91
+ ... lTokensContained | Where-Object { $_ } | Measure-Object -Count).Count
+                                                             ~~~~~~
    + CategoryInfo          : InvalidArgument: (:) [Measure-Object], ParameterBindingException
    + FullyQualifiedErrorId : NamedParameterNotFound,Microsoft.PowerShell.Commands.MeasureObjectCommand

PS C:\Users\elriz\Documents\_coderepositories\bestOfRoms> TerminatingError(Measure-Object): "A parameter cannot be found that matches parameter name 'Count'."
Measure-Object : A parameter cannot be found that matches parameter name 'Count'.
At C:\Users\elriz\Documents\_coderepositories\bestOfRoms\MOVE_ROMS.ps1:189 char:91
+ ... lTokensContained | Where-Object { $_ } | Measure-Object -Count).Count
+                                                             ~~~~~~
    + CategoryInfo          : InvalidArgument: (:) [Measure-Object], ParameterBindingException
    + FullyQualifiedErrorId : NamedParameterNotFound,Microsoft.PowerShell.Commands.MeasureObjectCommand
Measure-Object : A parameter cannot be found that matches parameter name 'Count'.
At C:\Users\elriz\Documents\_coderepositories\bestOfRoms\MOVE_ROMS.ps1:189 char:91
+ ... lTokensContained | Where-Object { $_ } | Measure-Object -Count).Count
+                                                             ~~~~~~
    + CategoryInfo          : InvalidArgument: (:) [Measure-Object], ParameterBindingException
    + FullyQualifiedErrorId : NamedParameterNotFound,Microsoft.PowerShell.Commands.MeasureObjectCommand

PS C:\Users\elriz\Documents\_coderepositories\bestOfRoms> TerminatingError(Measure-Object): "A parameter cannot be found that matches parameter name 'Count'."
Measure-Object : A parameter cannot be found that matches parameter name 'Count'.
At C:\Users\elriz\Documents\_coderepositories\bestOfRoms\MOVE_ROMS.ps1:189 char:91
+ ... lTokensContained | Where-Object { $_ } | Measure-Object -Count).Count
+                                                             ~~~~~~
    + CategoryInfo          : InvalidArgument: (:) [Measure-Object], ParameterBindingException
    + FullyQualifiedErrorId : NamedParameterNotFound,Microsoft.PowerShell.Commands.MeasureObjectCommand
Measure-Object : A parameter cannot be found that matches parameter name 'Count'.
At C:\Users\elriz\Documents\_coderepositories\bestOfRoms\MOVE_ROMS.ps1:189 char:91
+ ... lTokensContained | Where-Object { $_ } | Measure-Object -Count).Count
+                                                             ~~~~~~
    + CategoryInfo          : InvalidArgument: (:) [Measure-Object], ParameterBindingException
    + FullyQualifiedErrorId : NamedParameterNotFound,Microsoft.PowerShell.Commands.MeasureObjectCommand

PS C:\Users\elriz\Documents\_coderepositories\bestOfRoms> TerminatingError(Measure-Object): "A parameter cannot be found that matches parameter name 'Count'."
Measure-Object : A parameter cannot be found that matches parameter name 'Count'.
At C:\Users\elriz\Documents\_coderepositories\bestOfRoms\MOVE_ROMS.ps1:189 char:91
+ ... lTokensContained | Where-Object { $_ } | Measure-Object -Count).Count
+                                                             ~~~~~~
    + CategoryInfo          : InvalidArgument: (:) [Measure-Object], ParameterBindingException
    + FullyQualifiedErrorId : NamedParameterNotFound,Microsoft.PowerShell.Commands.MeasureObjectCommand
Measure-Object : A parameter cannot be found that matches parameter name 'Count'.
At C:\Users\elriz\Documents\_coderepositories\bestOfRoms\MOVE_ROMS.ps1:189 char:91
+ ... lTokensContained | Where-Object { $_ } | Measure-Object -Count).Count
+                                                             ~~~~~~
    + CategoryInfo          : InvalidArgument: (:) [Measure-Object], ParameterBindingException
    + FullyQualifiedErrorId : NamedParameterNotFound,Microsoft.PowerShell.Commands.MeasureObjectCommand

PS C:\Users\elriz\Documents\_coderepositories\bestOfRoms> TerminatingError(Measure-Object): "A parameter cannot be found that matches parameter name 'Count'."
Measure-Object : A parameter cannot be found that matches parameter name 'Count'.
At C:\Users\elriz\Documents\_coderepositories\bestOfRoms\MOVE_ROMS.ps1:189 char:91
+ ... lTokensContained | Where-Object { $_ } | Measure-Object -Count).Count
+                                                             ~~~~~~
    + CategoryInfo          : InvalidArgument: (:) [Measure-Object], ParameterBindingException
    + FullyQualifiedErrorId : NamedParameterNotFound,Microsoft.PowerShell.Commands.MeasureObjectCommand
Measure-Object : A parameter cannot be found that matches parameter name 'Count'.
At C:\Users\elriz\Documents\_coderepositories\bestOfRoms\MOVE_ROMS.ps1:189 char:91
+ ... lTokensContained | Where-Object { $_ } | Measure-Object -Count).Count
+                                                             ~~~~~~
    + CategoryInfo          : InvalidArgument: (:) [Measure-Object], ParameterBindingException
    + FullyQualifiedErrorId : NamedParameterNotFound,Microsoft.PowerShell.Commands.MeasureObjectCommand

PS C:\Users\elriz\Documents\_coderepositories\bestOfRoms> TerminatingError(Measure-Object): "A parameter cannot be found that matches parameter name 'Count'."
Measure-Object : A parameter cannot be found that matches parameter name 'Count'.
At C:\Users\elriz\Documents\_coderepositories\bestOfRoms\MOVE_ROMS.ps1:189 char:91
+ ... lTokensContained | Where-Object { $_ } | Measure-Object -Count).Count
+                                                             ~~~~~~
    + CategoryInfo          : InvalidArgument: (:) [Measure-Object], ParameterBindingException
    + FullyQualifiedErrorId : NamedParameterNotFound,Microsoft.PowerShell.Commands.MeasureObjectCommand
Measure-Object : A parameter cannot be found that matches parameter name 'Count'.
At C:\Users\elriz\Documents\_coderepositories\bestOfRoms\MOVE_ROMS.ps1:189 char:91
+ ... lTokensContained | Where-Object { $_ } | Measure-Object -Count).Count
+                                                             ~~~~~~
    + CategoryInfo          : InvalidArgument: (:) [Measure-Object], ParameterBindingException
    + FullyQualifiedErrorId : NamedParameterNotFound,Microsoft.PowerShell.Commands.MeasureObjectCommand

PS C:\Users\elriz\Documents\_coderepositories\bestOfRoms> TerminatingError(Measure-Object): "A parameter cannot be found that matches parameter name 'Count'."
Measure-Object : A parameter cannot be found that matches parameter name 'Count'.
At C:\Users\elriz\Documents\_coderepositories\bestOfRoms\MOVE_ROMS.ps1:189 char:91
+ ... lTokensContained | Where-Object { $_ } | Measure-Object -Count).Count
+                                                             ~~~~~~
    + CategoryInfo          : InvalidArgument: (:) [Measure-Object], ParameterBindingException
    + FullyQualifiedErrorId : NamedParameterNotFound,Microsoft.PowerShell.Commands.MeasureObjectCommand
Measure-Object : A parameter cannot be found that matches parameter name 'Count'.
At C:\Users\elriz\Documents\_coderepositories\bestOfRoms\MOVE_ROMS.ps1:189 char:91
+ ... lTokensContained | Where-Object { $_ } | Measure-Object -Count).Count
+                                                             ~~~~~~
    + CategoryInfo          : InvalidArgument: (:) [Measure-Object], ParameterBindingException
    + FullyQualifiedErrorId : NamedParameterNotFound,Microsoft.PowerShell.Commands.MeasureObjectCommand

PS C:\Users\elriz\Documents\_coderepositories\bestOfRoms> TerminatingError(Measure-Object): "A parameter cannot be found that matches parameter name 'Count'."
Measure-Object : A parameter cannot be found that matches parameter name 'Count'.
At C:\Users\elriz\Documents\_coderepositories\bestOfRoms\MOVE_ROMS.ps1:189 char:91
+ ... lTokensContained | Where-Object { $_ } | Measure-Object -Count).Count
+                                                             ~~~~~~
    + CategoryInfo          : InvalidArgument: (:) [Measure-Object], ParameterBindingException
    + FullyQualifiedErrorId : NamedParameterNotFound,Microsoft.PowerShell.Commands.MeasureObjectCommand
Measure-Object : A parameter cannot be found that matches parameter name 'Count'.
At C:\Users\elriz\Documents\_coderepositories\bestOfRoms\MOVE_ROMS.ps1:189 char:91
+ ... lTokensContained | Where-Object { $_ } | Measure-Object -Count).Count
+                                                             ~~~~~~
    + CategoryInfo          : InvalidArgument: (:) [Measure-Object], ParameterBindingException
    + FullyQualifiedErrorId : NamedParameterNotFound,Microsoft.PowerShell.Commands.MeasureObjectCommand

PS C:\Users\elriz\Documents\_coderepositories\bestOfRoms> TerminatingError(Measure-Object): "A parameter cannot be found that matches parameter name 'Count'."
Measure-Object : A parameter cannot be found that matches parameter name 'Count'.
At C:\Users\elriz\Documents\_coderepositories\bestOfRoms\MOVE_ROMS.ps1:189 char:91
+ ... lTokensContained | Where-Object { $_ } | Measure-Object -Count).Count
+                                                             ~~~~~~
    + CategoryInfo          : InvalidArgument: (:) [Measure-Object], ParameterBindingException
    + FullyQualifiedErrorId : NamedParameterNotFound,Microsoft.PowerShell.Commands.MeasureObjectCommand
Measure-Object : A parameter cannot be found that matches parameter name 'Count'.
At C:\Users\elriz\Documents\_coderepositories\bestOfRoms\MOVE_ROMS.ps1:189 char:91
+ ... lTokensContained | Where-Object { $_ } | Measure-Object -Count).Count
+                                                             ~~~~~~
    + CategoryInfo          : InvalidArgument: (:) [Measure-Object], ParameterBindingException
    + FullyQualifiedErrorId : NamedParameterNotFound,Microsoft.PowerShell.Commands.MeasureObjectCommand

PS C:\Users\elriz\Documents\_coderepositories\bestOfRoms> TerminatingError(Measure-Object): "A parameter cannot be found that matches parameter name 'Count'."
Measure-Object : A parameter cannot be found that matches parameter name 'Count'.
At C:\Users\elriz\Documents\_coderepositories\bestOfRoms\MOVE_ROMS.ps1:189 char:91
+ ... lTokensContained | Where-Object { $_ } | Measure-Object -Count).Count
+                                                             ~~~~~~
    + CategoryInfo          : InvalidArgument: (:) [Measure-Object], ParameterBindingException
    + FullyQualifiedErrorId : NamedParameterNotFound,Microsoft.PowerShell.Commands.MeasureObjectCommand
Measure-Object : A parameter cannot be found that matches parameter name 'Count'.
At C:\Users\elriz\Documents\_coderepositories\bestOfRoms\MOVE_ROMS.ps1:189 char:91
+ ... lTokensContained | Where-Object { $_ } | Measure-Object -Count).Count
+                                                             ~~~~~~
    + CategoryInfo          : InvalidArgument: (:) [Measure-Object], ParameterBindingException
    + FullyQualifiedErrorId : NamedParameterNotFound,Microsoft.PowerShell.Commands.MeasureObjectCommand

PS C:\Users\elriz\Documents\_coderepositories\bestOfRoms> TerminatingError(Measure-Object): "A parameter cannot be found that matches parameter name 'Count'."
Measure-Object : A parameter cannot be found that matches parameter name 'Count'.
At C:\Users\elriz\Documents\_coderepositories\bestOfRoms\MOVE_ROMS.ps1:189 char:91
+ ... lTokensContained | Where-Object { $_ } | Measure-Object -Count).Count
+                                                             ~~~~~~
    + CategoryInfo          : InvalidArgument: (:) [Measure-Object], ParameterBindingException
    + FullyQualifiedErrorId : NamedParameterNotFound,Microsoft.PowerShell.Commands.MeasureObjectCommand
Measure-Object : A parameter cannot be found that matches parameter name 'Count'.
At C:\Users\elriz\Documents\_coderepositories\bestOfRoms\MOVE_ROMS.ps1:189 char:91
+ ... lTokensContained | Where-Object { $_ } | Measure-Object -Count).Count
+                                                             ~~~~~~
    + CategoryInfo          : InvalidArgument: (:) [Measure-Object], ParameterBindingException
    + FullyQualifiedErrorId : NamedParameterNotFound,Microsoft.PowerShell.Commands.MeasureObjectCommand

PS C:\Users\elriz\Documents\_coderepositories\bestOfRoms> TerminatingError(Measure-Object): "A parameter cannot be found that matches parameter name 'Count'."
Measure-Object : A parameter cannot be found that matches parameter name 'Count'.
At C:\Users\elriz\Documents\_coderepositories\bestOfRoms\MOVE_ROMS.ps1:189 char:91
+ ... lTokensContained | Where-Object { $_ } | Measure-Object -Count).Count
+                                                             ~~~~~~
    + CategoryInfo          : InvalidArgument: (:) [Measure-Object], ParameterBindingException
    + FullyQualifiedErrorId : NamedParameterNotFound,Microsoft.PowerShell.Commands.MeasureObjectCommand
Measure-Object : A parameter cannot be found that matches parameter name 'Count'.
At C:\Users\elriz\Documents\_coderepositories\bestOfRoms\MOVE_ROMS.ps1:189 char:91
+ ... lTokensContained | Where-Object { $_ } | Measure-Object -Count).Count
+                                                             ~~~~~~
    + CategoryInfo          : InvalidArgument: (:) [Measure-Object], ParameterBindingException
    + FullyQualifiedErrorId : NamedParameterNotFound,Microsoft.PowerShell.Commands.MeasureObjectCommand

PS C:\Users\elriz\Documents\_coderepositories\bestOfRoms> TerminatingError(Measure-Object): "A parameter cannot be found that matches parameter name 'Count'."
Measure-Object : A parameter cannot be found that matches parameter name 'Count'.
At C:\Users\elriz\Documents\_coderepositories\bestOfRoms\MOVE_ROMS.ps1:189 char:91
+ ... lTokensContained | Where-Object { $_ } | Measure-Object -Count).Count
+                                                             ~~~~~~
    + CategoryInfo          : InvalidArgument: (:) [Measure-Object], ParameterBindingException
    + FullyQualifiedErrorId : NamedParameterNotFound,Microsoft.PowerShell.Commands.MeasureObjectCommand
Measure-Object : A parameter cannot be found that matches parameter name 'Count'.
At C:\Users\elriz\Documents\_coderepositories\bestOfRoms\MOVE_ROMS.ps1:189 char:91
+ ... lTokensContained | Where-Object { $_ } | Measure-Object -Count).Count
+                                                             ~~~~~~
    + CategoryInfo          : InvalidArgument: (:) [Measure-Object], ParameterBindingException
    + FullyQualifiedErrorId : NamedParameterNotFound,Microsoft.PowerShell.Commands.MeasureObjectCommand

PS C:\Users\elriz\Documents\_coderepositories\bestOfRoms> TerminatingError(Measure-Object): "A parameter cannot be found that matches parameter name 'Count'."
Measure-Object : A parameter cannot be found that matches parameter name 'Count'.
At C:\Users\elriz\Documents\_coderepositories\bestOfRoms\MOVE_ROMS.ps1:189 char:91
+ ... lTokensContained | Where-Object { $_ } | Measure-Object -Count).Count
+                                                             ~~~~~~
    + CategoryInfo          : InvalidArgument: (:) [Measure-Object], ParameterBindingException
    + FullyQualifiedErrorId : NamedParameterNotFound,Microsoft.PowerShell.Commands.MeasureObjectCommand
Measure-Object : A parameter cannot be found that matches parameter name 'Count'.
At C:\Users\elriz\Documents\_coderepositories\bestOfRoms\MOVE_ROMS.ps1:189 char:91
+ ... lTokensContained | Where-Object { $_ } | Measure-Object -Count).Count
+                                                             ~~~~~~
    + CategoryInfo          : InvalidArgument: (:) [Measure-Object], ParameterBindingException
    + FullyQualifiedErrorId : NamedParameterNotFound,Microsoft.PowerShell.Commands.MeasureObjectCommand

PS C:\Users\elriz\Documents\_coderepositories\bestOfRoms> TerminatingError(Measure-Object): "A parameter cannot be found that matches parameter name 'Count'."
Measure-Object : A parameter cannot be found that matches parameter name 'Count'.
At C:\Users\elriz\Documents\_coderepositories\bestOfRoms\MOVE_ROMS.ps1:189 char:91
+ ... lTokensContained | Where-Object { $_ } | Measure-Object -Count).Count
+                                                             ~~~~~~
    + CategoryInfo          : InvalidArgument: (:) [Measure-Object], ParameterBindingException
    + FullyQualifiedErrorId : NamedParameterNotFound,Microsoft.PowerShell.Commands.MeasureObjectCommand
Measure-Object : A parameter cannot be found that matches parameter name 'Count'.
At C:\Users\elriz\Documents\_coderepositories\bestOfRoms\MOVE_ROMS.ps1:189 char:91
+ ... lTokensContained | Where-Object { $_ } | Measure-Object -Count).Count
+                                                             ~~~~~~
    + CategoryInfo          : InvalidArgument: (:) [Measure-Object], ParameterBindingException
    + FullyQualifiedErrorId : NamedParameterNotFound,Microsoft.PowerShell.Commands.MeasureObjectCommand

PS C:\Users\elriz\Documents\_coderepositories\bestOfRoms> TerminatingError(Measure-Object): "A parameter cannot be found that matches parameter name 'Count'."
Measure-Object : A parameter cannot be found that matches parameter name 'Count'.
At C:\Users\elriz\Documents\_coderepositories\bestOfRoms\MOVE_ROMS.ps1:189 char:91
+ ... lTokensContained | Where-Object { $_ } | Measure-Object -Count).Count
+                                                             ~~~~~~
    + CategoryInfo          : InvalidArgument: (:) [Measure-Object], ParameterBindingException
    + FullyQualifiedErrorId : NamedParameterNotFound,Microsoft.PowerShell.Commands.MeasureObjectCommand
Measure-Object : A parameter cannot be found that matches parameter name 'Count'.
At C:\Users\elriz\Documents\_coderepositories\bestOfRoms\MOVE_ROMS.ps1:189 char:91
+ ... lTokensContained | Where-Object { $_ } | Measure-Object -Count).Count
+                                                             ~~~~~~
    + CategoryInfo          : InvalidArgument: (:) [Measure-Object], ParameterBindingException
    + FullyQualifiedErrorId : NamedParameterNotFound,Microsoft.PowerShell.Commands.MeasureObjectCommand

PS C:\Users\elriz\Documents\_coderepositories\bestOfRoms> TerminatingError(Measure-Object): "A parameter cannot be found that matches parameter name 'Count'."
Measure-Object : A parameter cannot be found that matches parameter name 'Count'.
At C:\Users\elriz\Documents\_coderepositories\bestOfRoms\MOVE_ROMS.ps1:189 char:91
+ ... lTokensContained | Where-Object { $_ } | Measure-Object -Count).Count
+                                                             ~~~~~~
    + CategoryInfo          : InvalidArgument: (:) [Measure-Object], ParameterBindingException
    + FullyQualifiedErrorId : NamedParameterNotFound,Microsoft.PowerShell.Commands.MeasureObjectCommand
Measure-Object : A parameter cannot be found that matches parameter name 'Count'.
At C:\Users\elriz\Documents\_coderepositories\bestOfRoms\MOVE_ROMS.ps1:189 char:91
+ ... lTokensContained | Where-Object { $_ } | Measure-Object -Count).Count
+                                                             ~~~~~~
    + CategoryInfo          : InvalidArgument: (:) [Measure-Object], ParameterBindingException
    + FullyQualifiedErrorId : NamedParameterNotFound,Microsoft.PowerShell.Commands.MeasureObjectCommand

PS C:\Users\elriz\Documents\_coderepositories\bestOfRoms> TerminatingError(Measure-Object): "A parameter cannot be found that matches parameter name 'Count'."
Measure-Object : A parameter cannot be found that matches parameter name 'Count'.
At C:\Users\elriz\Documents\_coderepositories\bestOfRoms\MOVE_ROMS.ps1:189 char:91
+ ... lTokensContained | Where-Object { $_ } | Measure-Object -Count).Count
+                                                             ~~~~~~
    + CategoryInfo          : InvalidArgument: (:) [Measure-Object], ParameterBindingException
    + FullyQualifiedErrorId : NamedParameterNotFound,Microsoft.PowerShell.Commands.MeasureObjectCommand
Measure-Object : A parameter cannot be found that matches parameter name 'Count'.
At C:\Users\elriz\Documents\_coderepositories\bestOfRoms\MOVE_ROMS.ps1:189 char:91
+ ... lTokensContained | Where-Object { $_ } | Measure-Object -Count).Count
+                                                             ~~~~~~
    + CategoryInfo          : InvalidArgument: (:) [Measure-Object], ParameterBindingException
    + FullyQualifiedErrorId : NamedParameterNotFound,Microsoft.PowerShell.Commands.MeasureObjectCommand

PS C:\Users\elriz\Documents\_coderepositories\bestOfRoms> TerminatingError(Measure-Object): "A parameter cannot be found that matches parameter name 'Count'."
Measure-Object : A parameter cannot be found that matches parameter name 'Count'.
At C:\Users\elriz\Documents\_coderepositories\bestOfRoms\MOVE_ROMS.ps1:189 char:91
+ ... lTokensContained | Where-Object { $_ } | Measure-Object -Count).Count
+                                                             ~~~~~~
    + CategoryInfo          : InvalidArgument: (:) [Measure-Object], ParameterBindingException
    + FullyQualifiedErrorId : NamedParameterNotFound,Microsoft.PowerShell.Commands.MeasureObjectCommand
Measure-Object : A parameter cannot be found that matches parameter name 'Count'.
At C:\Users\elriz\Documents\_coderepositories\bestOfRoms\MOVE_ROMS.ps1:189 char:91
+ ... lTokensContained | Where-Object { $_ } | Measure-Object -Count).Count
+                                                             ~~~~~~
    + CategoryInfo          : InvalidArgument: (:) [Measure-Object], ParameterBindingException
    + FullyQualifiedErrorId : NamedParameterNotFound,Microsoft.PowerShell.Commands.MeasureObjectCommand

PS C:\Users\elriz\Documents\_coderepositories\bestOfRoms> TerminatingError(Measure-Object): "A parameter cannot be found that matches parameter name 'Count'."
Measure-Object : A parameter cannot be found that matches parameter name 'Count'.
At C:\Users\elriz\Documents\_coderepositories\bestOfRoms\MOVE_ROMS.ps1:189 char:91
+ ... lTokensContained | Where-Object { $_ } | Measure-Object -Count).Count
+                                                             ~~~~~~
    + CategoryInfo          : InvalidArgument: (:) [Measure-Object], ParameterBindingException
    + FullyQualifiedErrorId : NamedParameterNotFound,Microsoft.PowerShell.Commands.MeasureObjectCommand
Measure-Object : A parameter cannot be found that matches parameter name 'Count'.
At C:\Users\elriz\Documents\_coderepositories\bestOfRoms\MOVE_ROMS.ps1:189 char:91
+ ... lTokensContained | Where-Object { $_ } | Measure-Object -Count).Count
+                                                             ~~~~~~
    + CategoryInfo          : InvalidArgument: (:) [Measure-Object], ParameterBindingException
    + FullyQualifiedErrorId : NamedParameterNotFound,Microsoft.PowerShell.Commands.MeasureObjectCommand

PS C:\Users\elriz\Documents\_coderepositories\bestOfRoms> TerminatingError(Measure-Object): "A parameter cannot be found that matches parameter name 'Count'."
Measure-Object : A parameter cannot be found that matches parameter name 'Count'.
At C:\Users\elriz\Documents\_coderepositories\bestOfRoms\MOVE_ROMS.ps1:189 char:91
+ ... lTokensContained | Where-Object { $_ } | Measure-Object -Count).Count
+                                                             ~~~~~~
    + CategoryInfo          : InvalidArgument: (:) [Measure-Object], ParameterBindingException
    + FullyQualifiedErrorId : NamedParameterNotFound,Microsoft.PowerShell.Commands.MeasureObjectCommand
Measure-Object : A parameter cannot be found that matches parameter name 'Count'.
At C:\Users\elriz\Documents\_coderepositories\bestOfRoms\MOVE_ROMS.ps1:189 char:91
+ ... lTokensContained | Where-Object { $_ } | Measure-Object -Count).Count
+                                                             ~~~~~~
    + CategoryInfo          : InvalidArgument: (:) [Measure-Object], ParameterBindingException
    + FullyQualifiedErrorId : NamedParameterNotFound,Microsoft.PowerShell.Commands.MeasureObjectCommand

PS C:\Users\elriz\Documents\_coderepositories\bestOfRoms> TerminatingError(Measure-Object): "A parameter cannot be found that matches parameter name 'Count'."
Measure-Object : A parameter cannot be found that matches parameter name 'Count'.
At C:\Users\elriz\Documents\_coderepositories\bestOfRoms\MOVE_ROMS.ps1:189 char:91
+ ... lTokensContained | Where-Object { $_ } | Measure-Object -Count).Count
+                                                             ~~~~~~
    + CategoryInfo          : InvalidArgument: (:) [Measure-Object], ParameterBindingException
    + FullyQualifiedErrorId : NamedParameterNotFound,Microsoft.PowerShell.Commands.MeasureObjectCommand
Measure-Object : A parameter cannot be found that matches parameter name 'Count'.
At C:\Users\elriz\Documents\_coderepositories\bestOfRoms\MOVE_ROMS.ps1:189 char:91
+ ... lTokensContained | Where-Object { $_ } | Measure-Object -Count).Count
+                                                             ~~~~~~
    + CategoryInfo          : InvalidArgument: (:) [Measure-Object], ParameterBindingException
    + FullyQualifiedErrorId : NamedParameterNotFound,Microsoft.PowerShell.Commands.MeasureObjectCommand

PS C:\Users\elriz\Documents\_coderepositories\bestOfRoms> TerminatingError(Measure-Object): "A parameter cannot be found that matches parameter name 'Count'."
Measure-Object : A parameter cannot be found that matches parameter name 'Count'.
At C:\Users\elriz\Documents\_coderepositories\bestOfRoms\MOVE_ROMS.ps1:189 char:91
+ ... lTokensContained | Where-Object { $_ } | Measure-Object -Count).Count
+                                                             ~~~~~~
    + CategoryInfo          : InvalidArgument: (:) [Measure-Object], ParameterBindingException
    + FullyQualifiedErrorId : NamedParameterNotFound,Microsoft.PowerShell.Commands.MeasureObjectCommand
Measure-Object : A parameter cannot be found that matches parameter name 'Count'.
At C:\Users\elriz\Documents\_coderepositories\bestOfRoms\MOVE_ROMS.ps1:189 char:91
+ ... lTokensContained | Where-Object { $_ } | Measure-Object -Count).Count
+                                                             ~~~~~~
    + CategoryInfo          : InvalidArgument: (:) [Measure-Object], ParameterBindingException
    + FullyQualifiedErrorId : NamedParameterNotFound,Microsoft.PowerShell.Commands.MeasureObjectCommand

PS C:\Users\elriz\Documents\_coderepositories\bestOfRoms> TerminatingError(Measure-Object): "A parameter cannot be found that matches parameter name 'Count'."
Measure-Object : A parameter cannot be found that matches parameter name 'Count'.
At C:\Users\elriz\Documents\_coderepositories\bestOfRoms\MOVE_ROMS.ps1:189 char:91
+ ... lTokensContained | Where-Object { $_ } | Measure-Object -Count).Count
+                                                             ~~~~~~
    + CategoryInfo          : InvalidArgument: (:) [Measure-Object], ParameterBindingException
    + FullyQualifiedErrorId : NamedParameterNotFound,Microsoft.PowerShell.Commands.MeasureObjectCommand
Measure-Object : A parameter cannot be found that matches parameter name 'Count'.
At C:\Users\elriz\Documents\_coderepositories\bestOfRoms\MOVE_ROMS.ps1:189 char:91
+ ... lTokensContained | Where-Object { $_ } | Measure-Object -Count).Count
+                                                             ~~~~~~
    + CategoryInfo          : InvalidArgument: (:) [Measure-Object], ParameterBindingException
    + FullyQualifiedErrorId : NamedParameterNotFound,Microsoft.PowerShell.Commands.MeasureObjectCommand

PS C:\Users\elriz\Documents\_coderepositories\bestOfRoms> TerminatingError(Measure-Object): "A parameter cannot be found that matches parameter name 'Count'."
Measure-Object : A parameter cannot be found that matches parameter name 'Count'.
At C:\Users\elriz\Documents\_coderepositories\bestOfRoms\MOVE_ROMS.ps1:189 char:91
+ ... lTokensContained | Where-Object { $_ } | Measure-Object -Count).Count
+                                                             ~~~~~~
    + CategoryInfo          : InvalidArgument: (:) [Measure-Object], ParameterBindingException
    + FullyQualifiedErrorId : NamedParameterNotFound,Microsoft.PowerShell.Commands.MeasureObjectCommand
Measure-Object : A parameter cannot be found that matches parameter name 'Count'.
At C:\Users\elriz\Documents\_coderepositories\bestOfRoms\MOVE_ROMS.ps1:189 char:91
+ ... lTokensContained | Where-Object { $_ } | Measure-Object -Count).Count
+                                                             ~~~~~~
    + CategoryInfo          : InvalidArgument: (:) [Measure-Object], ParameterBindingException
    + FullyQualifiedErrorId : NamedParameterNotFound,Microsoft.PowerShell.Commands.MeasureObjectCommand

PS C:\Users\elriz\Documents\_coderepositories\bestOfRoms> TerminatingError(Measure-Object): "A parameter cannot be found that matches parameter name 'Count'."
Measure-Object : A parameter cannot be found that matches parameter name 'Count'.
At C:\Users\elriz\Documents\_coderepositories\bestOfRoms\MOVE_ROMS.ps1:189 char:91
+ ... lTokensContained | Where-Object { $_ } | Measure-Object -Count).Count
+                                                             ~~~~~~
    + CategoryInfo          : InvalidArgument: (:) [Measure-Object], ParameterBindingException
    + FullyQualifiedErrorId : NamedParameterNotFound,Microsoft.PowerShell.Commands.MeasureObjectCommand
Measure-Object : A parameter cannot be found that matches parameter name 'Count'.
At C:\Users\elriz\Documents\_coderepositories\bestOfRoms\MOVE_ROMS.ps1:189 char:91
+ ... lTokensContained | Where-Object { $_ } | Measure-Object -Count).Count
+                                                             ~~~~~~
    + CategoryInfo          : InvalidArgument: (:) [Measure-Object], ParameterBindingException
    + FullyQualifiedErrorId : NamedParameterNotFound,Microsoft.PowerShell.Commands.MeasureObjectCommand

PS C:\Users\elriz\Documents\_coderepositories\bestOfRoms> TerminatingError(Measure-Object): "A parameter cannot be found that matches parameter name 'Count'."
Measure-Object : A parameter cannot be found that matches parameter name 'Count'.
At C:\Users\elriz\Documents\_coderepositories\bestOfRoms\MOVE_ROMS.ps1:189 char:91
+ ... lTokensContained | Where-Object { $_ } | Measure-Object -Count).Count
+                                                             ~~~~~~
    + CategoryInfo          : InvalidArgument: (:) [Measure-Object], ParameterBindingException
    + FullyQualifiedErrorId : NamedParameterNotFound,Microsoft.PowerShell.Commands.MeasureObjectCommand
Measure-Object : A parameter cannot be found that matches parameter name 'Count'.
At C:\Users\elriz\Documents\_coderepositories\bestOfRoms\MOVE_ROMS.ps1:189 char:91
+ ... lTokensContained | Where-Object { $_ } | Measure-Object -Count).Count
+                                                             ~~~~~~
    + CategoryInfo          : InvalidArgument: (:) [Measure-Object], ParameterBindingException
    + FullyQualifiedErrorId : NamedParameterNotFound,Microsoft.PowerShell.Commands.MeasureObjectCommand

PS C:\Users\elriz\Documents\_coderepositories\bestOfRoms> TerminatingError(Measure-Object): "A parameter cannot be found that matches parameter name 'Count'."
Measure-Object : A parameter cannot be found that matches parameter name 'Count'.
At C:\Users\elriz\Documents\_coderepositories\bestOfRoms\MOVE_ROMS.ps1:189 char:91
+ ... lTokensContained | Where-Object { $_ } | Measure-Object -Count).Count
+                                                             ~~~~~~
    + CategoryInfo          : InvalidArgument: (:) [Measure-Object], ParameterBindingException
    + FullyQualifiedErrorId : NamedParameterNotFound,Microsoft.PowerShell.Commands.MeasureObjectCommand
Measure-Object : A parameter cannot be found that matches parameter name 'Count'.
At C:\Users\elriz\Documents\_coderepositories\bestOfRoms\MOVE_ROMS.ps1:189 char:91
+ ... lTokensContained | Where-Object { $_ } | Measure-Object -Count).Count
+                                                             ~~~~~~
    + CategoryInfo          : InvalidArgument: (:) [Measure-Object], ParameterBindingException
    + FullyQualifiedErrorId : NamedParameterNotFound,Microsoft.PowerShell.Commands.MeasureObjectCommand

PS C:\Users\elriz\Documents\_coderepositories\bestOfRoms> TerminatingError(Measure-Object): "A parameter cannot be found that matches parameter name 'Count'."
Measure-Object : A parameter cannot be found that matches parameter name 'Count'.
At C:\Users\elriz\Documents\_coderepositories\bestOfRoms\MOVE_ROMS.ps1:189 char:91
+ ... lTokensContained | Where-Object { $_ } | Measure-Object -Count).Count
+                                                             ~~~~~~
    + CategoryInfo          : InvalidArgument: (:) [Measure-Object], ParameterBindingException
    + FullyQualifiedErrorId : NamedParameterNotFound,Microsoft.PowerShell.Commands.MeasureObjectCommand
Measure-Object : A parameter cannot be found that matches parameter name 'Count'.
At C:\Users\elriz\Documents\_coderepositories\bestOfRoms\MOVE_ROMS.ps1:189 char:91
+ ... lTokensContained | Where-Object { $_ } | Measure-Object -Count).Count
+                                                             ~~~~~~
    + CategoryInfo          : InvalidArgument: (:) [Measure-Object], ParameterBindingException
    + FullyQualifiedErrorId : NamedParameterNotFound,Microsoft.PowerShell.Commands.MeasureObjectCommand

PS C:\Users\elriz\Documents\_coderepositories\bestOfRoms> TerminatingError(Measure-Object): "A parameter cannot be found that matches parameter name 'Count'."
Measure-Object : A parameter cannot be found that matches parameter name 'Count'.
At C:\Users\elriz\Documents\_coderepositories\bestOfRoms\MOVE_ROMS.ps1:189 char:91
+ ... lTokensContained | Where-Object { $_ } | Measure-Object -Count).Count
+                                                             ~~~~~~
    + CategoryInfo          : InvalidArgument: (:) [Measure-Object], ParameterBindingException
    + FullyQualifiedErrorId : NamedParameterNotFound,Microsoft.PowerShell.Commands.MeasureObjectCommand
Measure-Object : A parameter cannot be found that matches parameter name 'Count'.
At C:\Users\elriz\Documents\_coderepositories\bestOfRoms\MOVE_ROMS.ps1:189 char:91
+ ... lTokensContained | Where-Object { $_ } | Measure-Object -Count).Count
+                                                             ~~~~~~
    + CategoryInfo          : InvalidArgument: (:) [Measure-Object], ParameterBindingException
    + FullyQualifiedErrorId : NamedParameterNotFound,Microsoft.PowerShell.Commands.MeasureObjectCommand

PS C:\Users\elriz\Documents\_coderepositories\bestOfRoms> TerminatingError(Measure-Object): "A parameter cannot be found that matches parameter name 'Count'."
Measure-Object : A parameter cannot be found that matches parameter name 'Count'.
At C:\Users\elriz\Documents\_coderepositories\bestOfRoms\MOVE_ROMS.ps1:189 char:91
+ ... lTokensContained | Where-Object { $_ } | Measure-Object -Count).Count
+                                                             ~~~~~~
    + CategoryInfo          : InvalidArgument: (:) [Measure-Object], ParameterBindingException
    + FullyQualifiedErrorId : NamedParameterNotFound,Microsoft.PowerShell.Commands.MeasureObjectCommand
Measure-Object : A parameter cannot be found that matches parameter name 'Count'.
At C:\Users\elriz\Documents\_coderepositories\bestOfRoms\MOVE_ROMS.ps1:189 char:91
+ ... lTokensContained | Where-Object { $_ } | Measure-Object -Count).Count
+                                                             ~~~~~~
    + CategoryInfo          : InvalidArgument: (:) [Measure-Object], ParameterBindingException
    + FullyQualifiedErrorId : NamedParameterNotFound,Microsoft.PowerShell.Commands.MeasureObjectCommand

PS C:\Users\elriz\Documents\_coderepositories\bestOfRoms> TerminatingError(Measure-Object): "A parameter cannot be found that matches parameter name 'Count'."
Measure-Object : A parameter cannot be found that matches parameter name 'Count'.
At C:\Users\elriz\Documents\_coderepositories\bestOfRoms\MOVE_ROMS.ps1:189 char:91
+ ... lTokensContained | Where-Object { $_ } | Measure-Object -Count).Count
+                                                             ~~~~~~
    + CategoryInfo          : InvalidArgument: (:) [Measure-Object], ParameterBindingException
    + FullyQualifiedErrorId : NamedParameterNotFound,Microsoft.PowerShell.Commands.MeasureObjectCommand
Measure-Object : A parameter cannot be found that matches parameter name 'Count'.
At C:\Users\elriz\Documents\_coderepositories\bestOfRoms\MOVE_ROMS.ps1:189 char:91
+ ... lTokensContained | Where-Object { $_ } | Measure-Object -Count).Count
+                                                             ~~~~~~
    + CategoryInfo          : InvalidArgument: (:) [Measure-Object], ParameterBindingException
    + FullyQualifiedErrorId : NamedParameterNotFound,Microsoft.PowerShell.Commands.MeasureObjectCommand

PS C:\Users\elriz\Documents\_coderepositories\bestOfRoms> TerminatingError(Measure-Object): "A parameter cannot be found that matches parameter name 'Count'."
Measure-Object : A parameter cannot be found that matches parameter name 'Count'.
At C:\Users\elriz\Documents\_coderepositories\bestOfRoms\MOVE_ROMS.ps1:189 char:91
+ ... lTokensContained | Where-Object { $_ } | Measure-Object -Count).Count
+                                                             ~~~~~~
    + CategoryInfo          : InvalidArgument: (:) [Measure-Object], ParameterBindingException
    + FullyQualifiedErrorId : NamedParameterNotFound,Microsoft.PowerShell.Commands.MeasureObjectCommand
Measure-Object : A parameter cannot be found that matches parameter name 'Count'.
At C:\Users\elriz\Documents\_coderepositories\bestOfRoms\MOVE_ROMS.ps1:189 char:91
+ ... lTokensContained | Where-Object { $_ } | Measure-Object -Count).Count
+                                                             ~~~~~~
    + CategoryInfo          : InvalidArgument: (:) [Measure-Object], ParameterBindingException
    + FullyQualifiedErrorId : NamedParameterNotFound,Microsoft.PowerShell.Commands.MeasureObjectCommand

PS C:\Users\elriz\Documents\_coderepositories\bestOfRoms> TerminatingError(Measure-Object): "A parameter cannot be found that matches parameter name 'Count'."
Measure-Object : A parameter cannot be found that matches parameter name 'Count'.
At C:\Users\elriz\Documents\_coderepositories\bestOfRoms\MOVE_ROMS.ps1:189 char:91
+ ... lTokensContained | Where-Object { $_ } | Measure-Object -Count).Count
+                                                             ~~~~~~
    + CategoryInfo          : InvalidArgument: (:) [Measure-Object], ParameterBindingException
    + FullyQualifiedErrorId : NamedParameterNotFound,Microsoft.PowerShell.Commands.MeasureObjectCommand
Measure-Object : A parameter cannot be found that matches parameter name 'Count'.
At C:\Users\elriz\Documents\_coderepositories\bestOfRoms\MOVE_ROMS.ps1:189 char:91
+ ... lTokensContained | Where-Object { $_ } | Measure-Object -Count).Count
+                                                             ~~~~~~
    + CategoryInfo          : InvalidArgument: (:) [Measure-Object], ParameterBindingException
    + FullyQualifiedErrorId : NamedParameterNotFound,Microsoft.PowerShell.Commands.MeasureObjectCommand

PS C:\Users\elriz\Documents\_coderepositories\bestOfRoms> TerminatingError(Measure-Object): "A parameter cannot be found that matches parameter name 'Count'."
Measure-Object : A parameter cannot be found that matches parameter name 'Count'.
At C:\Users\elriz\Documents\_coderepositories\bestOfRoms\MOVE_ROMS.ps1:189 char:91
+ ... lTokensContained | Where-Object { $_ } | Measure-Object -Count).Count
+                                                             ~~~~~~
    + CategoryInfo          : InvalidArgument: (:) [Measure-Object], ParameterBindingException
    + FullyQualifiedErrorId : NamedParameterNotFound,Microsoft.PowerShell.Commands.MeasureObjectCommand
Measure-Object : A parameter cannot be found that matches parameter name 'Count'.
At C:\Users\elriz\Documents\_coderepositories\bestOfRoms\MOVE_ROMS.ps1:189 char:91
+ ... lTokensContained | Where-Object { $_ } | Measure-Object -Count).Count
+                                                             ~~~~~~
    + CategoryInfo          : InvalidArgument: (:) [Measure-Object], ParameterBindingException
    + FullyQualifiedErrorId : NamedParameterNotFound,Microsoft.PowerShell.Commands.MeasureObjectCommand

PS C:\Users\elriz\Documents\_coderepositories\bestOfRoms> TerminatingError(Measure-Object): "A parameter cannot be found that matches parameter name 'Count'."
Measure-Object : A parameter cannot be found that matches parameter name 'Count'.
At C:\Users\elriz\Documents\_coderepositories\bestOfRoms\MOVE_ROMS.ps1:189 char:91
+ ... lTokensContained | Where-Object { $_ } | Measure-Object -Count).Count
+                                                             ~~~~~~
    + CategoryInfo          : InvalidArgument: (:) [Measure-Object], ParameterBindingException
    + FullyQualifiedErrorId : NamedParameterNotFound,Microsoft.PowerShell.Commands.MeasureObjectCommand
Measure-Object : A parameter cannot be found that matches parameter name 'Count'.
At C:\Users\elriz\Documents\_coderepositories\bestOfRoms\MOVE_ROMS.ps1:189 char:91
+ ... lTokensContained | Where-Object { $_ } | Measure-Object -Count).Count
+                                                             ~~~~~~
    + CategoryInfo          : InvalidArgument: (:) [Measure-Object], ParameterBindingException
    + FullyQualifiedErrorId : NamedParameterNotFound,Microsoft.PowerShell.Commands.MeasureObjectCommand

PS C:\Users\elriz\Documents\_coderepositories\bestOfRoms> TerminatingError(Measure-Object): "A parameter cannot be found that matches parameter name 'Count'."
Measure-Object : A parameter cannot be found that matches parameter name 'Count'.
At C:\Users\elriz\Documents\_coderepositories\bestOfRoms\MOVE_ROMS.ps1:189 char:91
+ ... lTokensContained | Where-Object { $_ } | Measure-Object -Count).Count
+                                                             ~~~~~~
    + CategoryInfo          : InvalidArgument: (:) [Measure-Object], ParameterBindingException
    + FullyQualifiedErrorId : NamedParameterNotFound,Microsoft.PowerShell.Commands.MeasureObjectCommand
Measure-Object : A parameter cannot be found that matches parameter name 'Count'.
At C:\Users\elriz\Documents\_coderepositories\bestOfRoms\MOVE_ROMS.ps1:189 char:91
+ ... lTokensContained | Where-Object { $_ } | Measure-Object -Count).Count
+                                                             ~~~~~~
    + CategoryInfo          : InvalidArgument: (:) [Measure-Object], ParameterBindingException
    + FullyQualifiedErrorId : NamedParameterNotFound,Microsoft.PowerShell.Commands.MeasureObjectCommand

PS C:\Users\elriz\Documents\_coderepositories\bestOfRoms> TerminatingError(Measure-Object): "A parameter cannot be found that matches parameter name 'Count'."
Measure-Object : A parameter cannot be found that matches parameter name 'Count'.
At C:\Users\elriz\Documents\_coderepositories\bestOfRoms\MOVE_ROMS.ps1:189 char:91
+ ... lTokensContained | Where-Object { $_ } | Measure-Object -Count).Count
+                                                             ~~~~~~
    + CategoryInfo          : InvalidArgument: (:) [Measure-Object], ParameterBindingException
    + FullyQualifiedErrorId : NamedParameterNotFound,Microsoft.PowerShell.Commands.MeasureObjectCommand
Measure-Object : A parameter cannot be found that matches parameter name 'Count'.
At C:\Users\elriz\Documents\_coderepositories\bestOfRoms\MOVE_ROMS.ps1:189 char:91
+ ... lTokensContained | Where-Object { $_ } | Measure-Object -Count).Count
+                                                             ~~~~~~
    + CategoryInfo          : InvalidArgument: (:) [Measure-Object], ParameterBindingException
    + FullyQualifiedErrorId : NamedParameterNotFound,Microsoft.PowerShell.Commands.MeasureObjectCommand

PS C:\Users\elriz\Documents\_coderepositories\bestOfRoms> TerminatingError(Measure-Object): "A parameter cannot be found that matches parameter name 'Count'."
Measure-Object : A parameter cannot be found that matches parameter name 'Count'.
At C:\Users\elriz\Documents\_coderepositories\bestOfRoms\MOVE_ROMS.ps1:189 char:91
+ ... lTokensContained | Where-Object { $_ } | Measure-Object -Count).Count
+                                                             ~~~~~~
    + CategoryInfo          : InvalidArgument: (:) [Measure-Object], ParameterBindingException
    + FullyQualifiedErrorId : NamedParameterNotFound,Microsoft.PowerShell.Commands.MeasureObjectCommand
Measure-Object : A parameter cannot be found that matches parameter name 'Count'.
At C:\Users\elriz\Documents\_coderepositories\bestOfRoms\MOVE_ROMS.ps1:189 char:91
+ ... lTokensContained | Where-Object { $_ } | Measure-Object -Count).Count
+                                                             ~~~~~~
    + CategoryInfo          : InvalidArgument: (:) [Measure-Object], ParameterBindingException
    + FullyQualifiedErrorId : NamedParameterNotFound,Microsoft.PowerShell.Commands.MeasureObjectCommand

PS C:\Users\elriz\Documents\_coderepositories\bestOfRoms> TerminatingError(Measure-Object): "A parameter cannot be found that matches parameter name 'Count'."
Measure-Object : A parameter cannot be found that matches parameter name 'Count'.
At C:\Users\elriz\Documents\_coderepositories\bestOfRoms\MOVE_ROMS.ps1:189 char:91
+ ... lTokensContained | Where-Object { $_ } | Measure-Object -Count).Count
+                                                             ~~~~~~
    + CategoryInfo          : InvalidArgument: (:) [Measure-Object], ParameterBindingException
    + FullyQualifiedErrorId : NamedParameterNotFound,Microsoft.PowerShell.Commands.MeasureObjectCommand
Measure-Object : A parameter cannot be found that matches parameter name 'Count'.
At C:\Users\elriz\Documents\_coderepositories\bestOfRoms\MOVE_ROMS.ps1:189 char:91
+ ... lTokensContained | Where-Object { $_ } | Measure-Object -Count).Count
+                                                             ~~~~~~
    + CategoryInfo          : InvalidArgument: (:) [Measure-Object], ParameterBindingException
    + FullyQualifiedErrorId : NamedParameterNotFound,Microsoft.PowerShell.Commands.MeasureObjectCommand

PS C:\Users\elriz\Documents\_coderepositories\bestOfRoms> TerminatingError(Measure-Object): "A parameter cannot be found that matches parameter name 'Count'."
Measure-Object : A parameter cannot be found that matches parameter name 'Count'.
At C:\Users\elriz\Documents\_coderepositories\bestOfRoms\MOVE_ROMS.ps1:189 char:91
+ ... lTokensContained | Where-Object { $_ } | Measure-Object -Count).Count
+                                                             ~~~~~~
    + CategoryInfo          : InvalidArgument: (:) [Measure-Object], ParameterBindingException
    + FullyQualifiedErrorId : NamedParameterNotFound,Microsoft.PowerShell.Commands.MeasureObjectCommand
Measure-Object : A parameter cannot be found that matches parameter name 'Count'.
At C:\Users\elriz\Documents\_coderepositories\bestOfRoms\MOVE_ROMS.ps1:189 char:91
+ ... lTokensContained | Where-Object { $_ } | Measure-Object -Count).Count
+                                                             ~~~~~~
    + CategoryInfo          : InvalidArgument: (:) [Measure-Object], ParameterBindingException
    + FullyQualifiedErrorId : NamedParameterNotFound,Microsoft.PowerShell.Commands.MeasureObjectCommand

PS C:\Users\elriz\Documents\_coderepositories\bestOfRoms> TerminatingError(Measure-Object): "A parameter cannot be found that matches parameter name 'Count'."
Measure-Object : A parameter cannot be found that matches parameter name 'Count'.
At C:\Users\elriz\Documents\_coderepositories\bestOfRoms\MOVE_ROMS.ps1:189 char:91
+ ... lTokensContained | Where-Object { $_ } | Measure-Object -Count).Count
+                                                             ~~~~~~
    + CategoryInfo          : InvalidArgument: (:) [Measure-Object], ParameterBindingException
    + FullyQualifiedErrorId : NamedParameterNotFound,Microsoft.PowerShell.Commands.MeasureObjectCommand
Measure-Object : A parameter cannot be found that matches parameter name 'Count'.
At C:\Users\elriz\Documents\_coderepositories\bestOfRoms\MOVE_ROMS.ps1:189 char:91
+ ... lTokensContained | Where-Object { $_ } | Measure-Object -Count).Count
+                                                             ~~~~~~
    + CategoryInfo          : InvalidArgument: (:) [Measure-Object], ParameterBindingException
    + FullyQualifiedErrorId : NamedParameterNotFound,Microsoft.PowerShell.Commands.MeasureObjectCommand

PS C:\Users\elriz\Documents\_coderepositories\bestOfRoms> TerminatingError(Measure-Object): "A parameter cannot be found that matches parameter name 'Count'."
Measure-Object : A parameter cannot be found that matches parameter name 'Count'.
At C:\Users\elriz\Documents\_coderepositories\bestOfRoms\MOVE_ROMS.ps1:189 char:91
+ ... lTokensContained | Where-Object { $_ } | Measure-Object -Count).Count
+                                                             ~~~~~~
    + CategoryInfo          : InvalidArgument: (:) [Measure-Object], ParameterBindingException
    + FullyQualifiedErrorId : NamedParameterNotFound,Microsoft.PowerShell.Commands.MeasureObjectCommand
Measure-Object : A parameter cannot be found that matches parameter name 'Count'.
At C:\Users\elriz\Documents\_coderepositories\bestOfRoms\MOVE_ROMS.ps1:189 char:91
+ ... lTokensContained | Where-Object { $_ } | Measure-Object -Count).Count
+                                                             ~~~~~~
    + CategoryInfo          : InvalidArgument: (:) [Measure-Object], ParameterBindingException
    + FullyQualifiedErrorId : NamedParameterNotFound,Microsoft.PowerShell.Commands.MeasureObjectCommand

PS C:\Users\elriz\Documents\_coderepositories\bestOfRoms> TerminatingError(Measure-Object): "A parameter cannot be found that matches parameter name 'Count'."
Measure-Object : A parameter cannot be found that matches parameter name 'Count'.
At C:\Users\elriz\Documents\_coderepositories\bestOfRoms\MOVE_ROMS.ps1:189 char:91
+ ... lTokensContained | Where-Object { $_ } | Measure-Object -Count).Count
+                                                             ~~~~~~
    + CategoryInfo          : InvalidArgument: (:) [Measure-Object], ParameterBindingException
    + FullyQualifiedErrorId : NamedParameterNotFound,Microsoft.PowerShell.Commands.MeasureObjectCommand
Measure-Object : A parameter cannot be found that matches parameter name 'Count'.
At C:\Users\elriz\Documents\_coderepositories\bestOfRoms\MOVE_ROMS.ps1:189 char:91
+ ... lTokensContained | Where-Object { $_ } | Measure-Object -Count).Count
+                                                             ~~~~~~
    + CategoryInfo          : InvalidArgument: (:) [Measure-Object], ParameterBindingException
    + FullyQualifiedErrorId : NamedParameterNotFound,Microsoft.PowerShell.Commands.MeasureObjectCommand

PS C:\Users\elriz\Documents\_coderepositories\bestOfRoms> TerminatingError(Measure-Object): "A parameter cannot be found that matches parameter name 'Count'."
Measure-Object : A parameter cannot be found that matches parameter name 'Count'.
At C:\Users\elriz\Documents\_coderepositories\bestOfRoms\MOVE_ROMS.ps1:189 char:91
+ ... lTokensContained | Where-Object { $_ } | Measure-Object -Count).Count
+                                                             ~~~~~~
    + CategoryInfo          : InvalidArgument: (:) [Measure-Object], ParameterBindingException
    + FullyQualifiedErrorId : NamedParameterNotFound,Microsoft.PowerShell.Commands.MeasureObjectCommand
Measure-Object : A parameter cannot be found that matches parameter name 'Count'.
At C:\Users\elriz\Documents\_coderepositories\bestOfRoms\MOVE_ROMS.ps1:189 char:91
+ ... lTokensContained | Where-Object { $_ } | Measure-Object -Count).Count
+                                                             ~~~~~~
    + CategoryInfo          : InvalidArgument: (:) [Measure-Object], ParameterBindingException
    + FullyQualifiedErrorId : NamedParameterNotFound,Microsoft.PowerShell.Commands.MeasureObjectCommand

PS C:\Users\elriz\Documents\_coderepositories\bestOfRoms> TerminatingError(Measure-Object): "A parameter cannot be found that matches parameter name 'Count'."
Measure-Object : A parameter cannot be found that matches parameter name 'Count'.
At C:\Users\elriz\Documents\_coderepositories\bestOfRoms\MOVE_ROMS.ps1:189 char:91
+ ... lTokensContained | Where-Object { $_ } | Measure-Object -Count).Count
+                                                             ~~~~~~
    + CategoryInfo          : InvalidArgument: (:) [Measure-Object], ParameterBindingException
    + FullyQualifiedErrorId : NamedParameterNotFound,Microsoft.PowerShell.Commands.MeasureObjectCommand
Measure-Object : A parameter cannot be found that matches parameter name 'Count'.
At C:\Users\elriz\Documents\_coderepositories\bestOfRoms\MOVE_ROMS.ps1:189 char:91
+ ... lTokensContained | Where-Object { $_ } | Measure-Object -Count).Count
+                                                             ~~~~~~
    + CategoryInfo          : InvalidArgument: (:) [Measure-Object], ParameterBindingException
    + FullyQualifiedErrorId : NamedParameterNotFound,Microsoft.PowerShell.Commands.MeasureObjectCommand

PS C:\Users\elriz\Documents\_coderepositories\bestOfRoms> TerminatingError(Measure-Object): "A parameter cannot be found that matches parameter name 'Count'."
Measure-Object : A parameter cannot be found that matches parameter name 'Count'.
At C:\Users\elriz\Documents\_coderepositories\bestOfRoms\MOVE_ROMS.ps1:189 char:91
+ ... lTokensContained | Where-Object { $_ } | Measure-Object -Count).Count
+                                                             ~~~~~~
    + CategoryInfo          : InvalidArgument: (:) [Measure-Object], ParameterBindingException
    + FullyQualifiedErrorId : NamedParameterNotFound,Microsoft.PowerShell.Commands.MeasureObjectCommand
Measure-Object : A parameter cannot be found that matches parameter name 'Count'.
At C:\Users\elriz\Documents\_coderepositories\bestOfRoms\MOVE_ROMS.ps1:189 char:91
+ ... lTokensContained | Where-Object { $_ } | Measure-Object -Count).Count
+                                                             ~~~~~~
    + CategoryInfo          : InvalidArgument: (:) [Measure-Object], ParameterBindingException
    + FullyQualifiedErrorId : NamedParameterNotFound,Microsoft.PowerShell.Commands.MeasureObjectCommand

PS C:\Users\elriz\Documents\_coderepositories\bestOfRoms> TerminatingError(Measure-Object): "A parameter cannot be found that matches parameter name 'Count'."
Measure-Object : A parameter cannot be found that matches parameter name 'Count'.
At C:\Users\elriz\Documents\_coderepositories\bestOfRoms\MOVE_ROMS.ps1:189 char:91
+ ... lTokensContained | Where-Object { $_ } | Measure-Object -Count).Count
+                                                             ~~~~~~
    + CategoryInfo          : InvalidArgument: (:) [Measure-Object], ParameterBindingException
    + FullyQualifiedErrorId : NamedParameterNotFound,Microsoft.PowerShell.Commands.MeasureObjectCommand
Measure-Object : A parameter cannot be found that matches parameter name 'Count'.
At C:\Users\elriz\Documents\_coderepositories\bestOfRoms\MOVE_ROMS.ps1:189 char:91
+ ... lTokensContained | Where-Object { $_ } | Measure-Object -Count).Count
+                                                             ~~~~~~
    + CategoryInfo          : InvalidArgument: (:) [Measure-Object], ParameterBindingException
    + FullyQualifiedErrorId : NamedParameterNotFound,Microsoft.PowerShell.Commands.MeasureObjectCommand

PS C:\Users\elriz\Documents\_coderepositories\bestOfRoms> TerminatingError(Measure-Object): "A parameter cannot be found that matches parameter name 'Count'."
Measure-Object : A parameter cannot be found that matches parameter name 'Count'.
At C:\Users\elriz\Documents\_coderepositories\bestOfRoms\MOVE_ROMS.ps1:189 char:91
+ ... lTokensContained | Where-Object { $_ } | Measure-Object -Count).Count
+                                                             ~~~~~~
    + CategoryInfo          : InvalidArgument: (:) [Measure-Object], ParameterBindingException
    + FullyQualifiedErrorId : NamedParameterNotFound,Microsoft.PowerShell.Commands.MeasureObjectCommand
Measure-Object : A parameter cannot be found that matches parameter name 'Count'.
At C:\Users\elriz\Documents\_coderepositories\bestOfRoms\MOVE_ROMS.ps1:189 char:91
+ ... lTokensContained | Where-Object { $_ } | Measure-Object -Count).Count
+                                                             ~~~~~~
    + CategoryInfo          : InvalidArgument: (:) [Measure-Object], ParameterBindingException
    + FullyQualifiedErrorId : NamedParameterNotFound,Microsoft.PowerShell.Commands.MeasureObjectCommand

PS C:\Users\elriz\Documents\_coderepositories\bestOfRoms> TerminatingError(Measure-Object): "A parameter cannot be found that matches parameter name 'Count'."
Measure-Object : A parameter cannot be found that matches parameter name 'Count'.
At C:\Users\elriz\Documents\_coderepositories\bestOfRoms\MOVE_ROMS.ps1:189 char:91
+ ... lTokensContained | Where-Object { $_ } | Measure-Object -Count).Count
+                                                             ~~~~~~
    + CategoryInfo          : InvalidArgument: (:) [Measure-Object], ParameterBindingException
    + FullyQualifiedErrorId : NamedParameterNotFound,Microsoft.PowerShell.Commands.MeasureObjectCommand
Measure-Object : A parameter cannot be found that matches parameter name 'Count'.
At C:\Users\elriz\Documents\_coderepositories\bestOfRoms\MOVE_ROMS.ps1:189 char:91
+ ... lTokensContained | Where-Object { $_ } | Measure-Object -Count).Count
+                                                             ~~~~~~
    + CategoryInfo          : InvalidArgument: (:) [Measure-Object], ParameterBindingException
    + FullyQualifiedErrorId : NamedParameterNotFound,Microsoft.PowerShell.Commands.MeasureObjectCommand

PS C:\Users\elriz\Documents\_coderepositories\bestOfRoms> TerminatingError(Measure-Object): "A parameter cannot be found that matches parameter name 'Count'."
Measure-Object : A parameter cannot be found that matches parameter name 'Count'.
At C:\Users\elriz\Documents\_coderepositories\bestOfRoms\MOVE_ROMS.ps1:189 char:91
+ ... lTokensContained | Where-Object { $_ } | Measure-Object -Count).Count
+                                                             ~~~~~~
    + CategoryInfo          : InvalidArgument: (:) [Measure-Object], ParameterBindingException
    + FullyQualifiedErrorId : NamedParameterNotFound,Microsoft.PowerShell.Commands.MeasureObjectCommand
Measure-Object : A parameter cannot be found that matches parameter name 'Count'.
At C:\Users\elriz\Documents\_coderepositories\bestOfRoms\MOVE_ROMS.ps1:189 char:91
+ ... lTokensContained | Where-Object { $_ } | Measure-Object -Count).Count
+                                                             ~~~~~~
    + CategoryInfo          : InvalidArgument: (:) [Measure-Object], ParameterBindingException
    + FullyQualifiedErrorId : NamedParameterNotFound,Microsoft.PowerShell.Commands.MeasureObjectCommand

PS C:\Users\elriz\Documents\_coderepositories\bestOfRoms> TerminatingError(Measure-Object): "A parameter cannot be found that matches parameter name 'Count'."
Measure-Object : A parameter cannot be found that matches parameter name 'Count'.
At C:\Users\elriz\Documents\_coderepositories\bestOfRoms\MOVE_ROMS.ps1:189 char:91
+ ... lTokensContained | Where-Object { $_ } | Measure-Object -Count).Count
+                                                             ~~~~~~
    + CategoryInfo          : InvalidArgument: (:) [Measure-Object], ParameterBindingException
    + FullyQualifiedErrorId : NamedParameterNotFound,Microsoft.PowerShell.Commands.MeasureObjectCommand
Measure-Object : A parameter cannot be found that matches parameter name 'Count'.
At C:\Users\elriz\Documents\_coderepositories\bestOfRoms\MOVE_ROMS.ps1:189 char:91
+ ... lTokensContained | Where-Object { $_ } | Measure-Object -Count).Count
+                                                             ~~~~~~
    + CategoryInfo          : InvalidArgument: (:) [Measure-Object], ParameterBindingException
    + FullyQualifiedErrorId : NamedParameterNotFound,Microsoft.PowerShell.Commands.MeasureObjectCommand

PS C:\Users\elriz\Documents\_coderepositories\bestOfRoms> TerminatingError(Measure-Object): "A parameter cannot be found that matches parameter name 'Count'."
Measure-Object : A parameter cannot be found that matches parameter name 'Count'.
At C:\Users\elriz\Documents\_coderepositories\bestOfRoms\MOVE_ROMS.ps1:189 char:91
+ ... lTokensContained | Where-Object { $_ } | Measure-Object -Count).Count
+                                                             ~~~~~~
    + CategoryInfo          : InvalidArgument: (:) [Measure-Object], ParameterBindingException
    + FullyQualifiedErrorId : NamedParameterNotFound,Microsoft.PowerShell.Commands.MeasureObjectCommand
Measure-Object : A parameter cannot be found that matches parameter name 'Count'.
At C:\Users\elriz\Documents\_coderepositories\bestOfRoms\MOVE_ROMS.ps1:189 char:91
+ ... lTokensContained | Where-Object { $_ } | Measure-Object -Count).Count
+                                                             ~~~~~~
    + CategoryInfo          : InvalidArgument: (:) [Measure-Object], ParameterBindingException
    + FullyQualifiedErrorId : NamedParameterNotFound,Microsoft.PowerShell.Commands.MeasureObjectCommand

PS C:\Users\elriz\Documents\_coderepositories\bestOfRoms> TerminatingError(Measure-Object): "A parameter cannot be found that matches parameter name 'Count'."
Measure-Object : A parameter cannot be found that matches parameter name 'Count'.
At C:\Users\elriz\Documents\_coderepositories\bestOfRoms\MOVE_ROMS.ps1:189 char:91
+ ... lTokensContained | Where-Object { $_ } | Measure-Object -Count).Count
+                                                             ~~~~~~
    + CategoryInfo          : InvalidArgument: (:) [Measure-Object], ParameterBindingException
    + FullyQualifiedErrorId : NamedParameterNotFound,Microsoft.PowerShell.Commands.MeasureObjectCommand
Measure-Object : A parameter cannot be found that matches parameter name 'Count'.
At C:\Users\elriz\Documents\_coderepositories\bestOfRoms\MOVE_ROMS.ps1:189 char:91
+ ... lTokensContained | Where-Object { $_ } | Measure-Object -Count).Count
+                                                             ~~~~~~
    + CategoryInfo          : InvalidArgument: (:) [Measure-Object], ParameterBindingException
    + FullyQualifiedErrorId : NamedParameterNotFound,Microsoft.PowerShell.Commands.MeasureObjectCommand

PS C:\Users\elriz\Documents\_coderepositories\bestOfRoms> TerminatingError(Measure-Object): "A parameter cannot be found that matches parameter name 'Count'."
Measure-Object : A parameter cannot be found that matches parameter name 'Count'.
At C:\Users\elriz\Documents\_coderepositories\bestOfRoms\MOVE_ROMS.ps1:189 char:91
+ ... lTokensContained | Where-Object { $_ } | Measure-Object -Count).Count
+                                                             ~~~~~~
    + CategoryInfo          : InvalidArgument: (:) [Measure-Object], ParameterBindingException
    + FullyQualifiedErrorId : NamedParameterNotFound,Microsoft.PowerShell.Commands.MeasureObjectCommand
Measure-Object : A parameter cannot be found that matches parameter name 'Count'.
At C:\Users\elriz\Documents\_coderepositories\bestOfRoms\MOVE_ROMS.ps1:189 char:91
+ ... lTokensContained | Where-Object { $_ } | Measure-Object -Count).Count
+                                                             ~~~~~~
    + CategoryInfo          : InvalidArgument: (:) [Measure-Object], ParameterBindingException
    + FullyQualifiedErrorId : NamedParameterNotFound,Microsoft.PowerShell.Commands.MeasureObjectCommand

PS C:\Users\elriz\Documents\_coderepositories\bestOfRoms> TerminatingError(Measure-Object): "A parameter cannot be found that matches parameter name 'Count'."
Measure-Object : A parameter cannot be found that matches parameter name 'Count'.
At C:\Users\elriz\Documents\_coderepositories\bestOfRoms\MOVE_ROMS.ps1:189 char:91
+ ... lTokensContained | Where-Object { $_ } | Measure-Object -Count).Count
+                                                             ~~~~~~
    + CategoryInfo          : InvalidArgument: (:) [Measure-Object], ParameterBindingException
    + FullyQualifiedErrorId : NamedParameterNotFound,Microsoft.PowerShell.Commands.MeasureObjectCommand
Measure-Object : A parameter cannot be found that matches parameter name 'Count'.
At C:\Users\elriz\Documents\_coderepositories\bestOfRoms\MOVE_ROMS.ps1:189 char:91
+ ... lTokensContained | Where-Object { $_ } | Measure-Object -Count).Count
+                                                             ~~~~~~
    + CategoryInfo          : InvalidArgument: (:) [Measure-Object], ParameterBindingException
    + FullyQualifiedErrorId : NamedParameterNotFound,Microsoft.PowerShell.Commands.MeasureObjectCommand

PS C:\Users\elriz\Documents\_coderepositories\bestOfRoms> TerminatingError(Measure-Object): "A parameter cannot be found that matches parameter name 'Count'."
Measure-Object : A parameter cannot be found that matches parameter name 'Count'.
At C:\Users\elriz\Documents\_coderepositories\bestOfRoms\MOVE_ROMS.ps1:189 char:91
+ ... lTokensContained | Where-Object { $_ } | Measure-Object -Count).Count
+                                                             ~~~~~~
    + CategoryInfo          : InvalidArgument: (:) [Measure-Object], ParameterBindingException
    + FullyQualifiedErrorId : NamedParameterNotFound,Microsoft.PowerShell.Commands.MeasureObjectCommand
Measure-Object : A parameter cannot be found that matches parameter name 'Count'.
At C:\Users\elriz\Documents\_coderepositories\bestOfRoms\MOVE_ROMS.ps1:189 char:91
+ ... lTokensContained | Where-Object { $_ } | Measure-Object -Count).Count
+                                                             ~~~~~~
    + CategoryInfo          : InvalidArgument: (:) [Measure-Object], ParameterBindingException
    + FullyQualifiedErrorId : NamedParameterNotFound,Microsoft.PowerShell.Commands.MeasureObjectCommand

PS C:\Users\elriz\Documents\_coderepositories\bestOfRoms> TerminatingError(Measure-Object): "A parameter cannot be found that matches parameter name 'Count'."
Measure-Object : A parameter cannot be found that matches parameter name 'Count'.
At C:\Users\elriz\Documents\_coderepositories\bestOfRoms\MOVE_ROMS.ps1:189 char:91
+ ... lTokensContained | Where-Object { $_ } | Measure-Object -Count).Count
+                                                             ~~~~~~
    + CategoryInfo          : InvalidArgument: (:) [Measure-Object], ParameterBindingException
    + FullyQualifiedErrorId : NamedParameterNotFound,Microsoft.PowerShell.Commands.MeasureObjectCommand
Measure-Object : A parameter cannot be found that matches parameter name 'Count'.
At C:\Users\elriz\Documents\_coderepositories\bestOfRoms\MOVE_ROMS.ps1:189 char:91
+ ... lTokensContained | Where-Object { $_ } | Measure-Object -Count).Count
+                                                             ~~~~~~
    + CategoryInfo          : InvalidArgument: (:) [Measure-Object], ParameterBindingException
    + FullyQualifiedErrorId : NamedParameterNotFound,Microsoft.PowerShell.Commands.MeasureObjectCommand

PS C:\Users\elriz\Documents\_coderepositories\bestOfRoms> TerminatingError(Measure-Object): "A parameter cannot be found that matches parameter name 'Count'."
Measure-Object : A parameter cannot be found that matches parameter name 'Count'.
At C:\Users\elriz\Documents\_coderepositories\bestOfRoms\MOVE_ROMS.ps1:189 char:91
+ ... lTokensContained | Where-Object { $_ } | Measure-Object -Count).Count
+                                                             ~~~~~~
    + CategoryInfo          : InvalidArgument: (:) [Measure-Object], ParameterBindingException
    + FullyQualifiedErrorId : NamedParameterNotFound,Microsoft.PowerShell.Commands.MeasureObjectCommand
Measure-Object : A parameter cannot be found that matches parameter name 'Count'.
At C:\Users\elriz\Documents\_coderepositories\bestOfRoms\MOVE_ROMS.ps1:189 char:91
+ ... lTokensContained | Where-Object { $_ } | Measure-Object -Count).Count
+                                                             ~~~~~~
    + CategoryInfo          : InvalidArgument: (:) [Measure-Object], ParameterBindingException
    + FullyQualifiedErrorId : NamedParameterNotFound,Microsoft.PowerShell.Commands.MeasureObjectCommand

PS C:\Users\elriz\Documents\_coderepositories\bestOfRoms> TerminatingError(Measure-Object): "A parameter cannot be found that matches parameter name 'Count'."
Measure-Object : A parameter cannot be found that matches parameter name 'Count'.
At C:\Users\elriz\Documents\_coderepositories\bestOfRoms\MOVE_ROMS.ps1:189 char:91
+ ... lTokensContained | Where-Object { $_ } | Measure-Object -Count).Count
+                                                             ~~~~~~
    + CategoryInfo          : InvalidArgument: (:) [Measure-Object], ParameterBindingException
    + FullyQualifiedErrorId : NamedParameterNotFound,Microsoft.PowerShell.Commands.MeasureObjectCommand
Measure-Object : A parameter cannot be found that matches parameter name 'Count'.
At C:\Users\elriz\Documents\_coderepositories\bestOfRoms\MOVE_ROMS.ps1:189 char:91
+ ... lTokensContained | Where-Object { $_ } | Measure-Object -Count).Count
+                                                             ~~~~~~
    + CategoryInfo          : InvalidArgument: (:) [Measure-Object], ParameterBindingException
    + FullyQualifiedErrorId : NamedParameterNotFound,Microsoft.PowerShell.Commands.MeasureObjectCommand

PS C:\Users\elriz\Documents\_coderepositories\bestOfRoms> TerminatingError(Measure-Object): "A parameter cannot be found that matches parameter name 'Count'."
Measure-Object : A parameter cannot be found that matches parameter name 'Count'.
At C:\Users\elriz\Documents\_coderepositories\bestOfRoms\MOVE_ROMS.ps1:189 char:91
+ ... lTokensContained | Where-Object { $_ } | Measure-Object -Count).Count
+                                                             ~~~~~~
    + CategoryInfo          : InvalidArgument: (:) [Measure-Object], ParameterBindingException
    + FullyQualifiedErrorId : NamedParameterNotFound,Microsoft.PowerShell.Commands.MeasureObjectCommand
Measure-Object : A parameter cannot be found that matches parameter name 'Count'.
At C:\Users\elriz\Documents\_coderepositories\bestOfRoms\MOVE_ROMS.ps1:189 char:91
+ ... lTokensContained | Where-Object { $_ } | Measure-Object -Count).Count
+                                                             ~~~~~~
    + CategoryInfo          : InvalidArgument: (:) [Measure-Object], ParameterBindingException
    + FullyQualifiedErrorId : NamedParameterNotFound,Microsoft.PowerShell.Commands.MeasureObjectCommand

PS C:\Users\elriz\Documents\_coderepositories\bestOfRoms> TerminatingError(Measure-Object): "A parameter cannot be found that matches parameter name 'Count'."
Measure-Object : A parameter cannot be found that matches parameter name 'Count'.
At C:\Users\elriz\Documents\_coderepositories\bestOfRoms\MOVE_ROMS.ps1:189 char:91
+ ... lTokensContained | Where-Object { $_ } | Measure-Object -Count).Count
+                                                             ~~~~~~
    + CategoryInfo          : InvalidArgument: (:) [Measure-Object], ParameterBindingException
    + FullyQualifiedErrorId : NamedParameterNotFound,Microsoft.PowerShell.Commands.MeasureObjectCommand
Measure-Object : A parameter cannot be found that matches parameter name 'Count'.
At C:\Users\elriz\Documents\_coderepositories\bestOfRoms\MOVE_ROMS.ps1:189 char:91
+ ... lTokensContained | Where-Object { $_ } | Measure-Object -Count).Count
+                                                             ~~~~~~
    + CategoryInfo          : InvalidArgument: (:) [Measure-Object], ParameterBindingException
    + FullyQualifiedErrorId : NamedParameterNotFound,Microsoft.PowerShell.Commands.MeasureObjectCommand

PS C:\Users\elriz\Documents\_coderepositories\bestOfRoms> TerminatingError(Measure-Object): "A parameter cannot be found that matches parameter name 'Count'."
Measure-Object : A parameter cannot be found that matches parameter name 'Count'.
At C:\Users\elriz\Documents\_coderepositories\bestOfRoms\MOVE_ROMS.ps1:189 char:91
+ ... lTokensContained | Where-Object { $_ } | Measure-Object -Count).Count
+                                                             ~~~~~~
    + CategoryInfo          : InvalidArgument: (:) [Measure-Object], ParameterBindingException
    + FullyQualifiedErrorId : NamedParameterNotFound,Microsoft.PowerShell.Commands.MeasureObjectCommand
Measure-Object : A parameter cannot be found that matches parameter name 'Count'.
At C:\Users\elriz\Documents\_coderepositories\bestOfRoms\MOVE_ROMS.ps1:189 char:91
+ ... lTokensContained | Where-Object { $_ } | Measure-Object -Count).Count
+                                                             ~~~~~~
    + CategoryInfo          : InvalidArgument: (:) [Measure-Object], ParameterBindingException
    + FullyQualifiedErrorId : NamedParameterNotFound,Microsoft.PowerShell.Commands.MeasureObjectCommand

PS C:\Users\elriz\Documents\_coderepositories\bestOfRoms> TerminatingError(Measure-Object): "A parameter cannot be found that matches parameter name 'Count'."
Measure-Object : A parameter cannot be found that matches parameter name 'Count'.
At C:\Users\elriz\Documents\_coderepositories\bestOfRoms\MOVE_ROMS.ps1:189 char:91
+ ... lTokensContained | Where-Object { $_ } | Measure-Object -Count).Count
+                                                             ~~~~~~
    + CategoryInfo          : InvalidArgument: (:) [Measure-Object], ParameterBindingException
    + FullyQualifiedErrorId : NamedParameterNotFound,Microsoft.PowerShell.Commands.MeasureObjectCommand
Measure-Object : A parameter cannot be found that matches parameter name 'Count'.
At C:\Users\elriz\Documents\_coderepositories\bestOfRoms\MOVE_ROMS.ps1:189 char:91
+ ... lTokensContained | Where-Object { $_ } | Measure-Object -Count).Count
+                                                             ~~~~~~
    + CategoryInfo          : InvalidArgument: (:) [Measure-Object], ParameterBindingException
    + FullyQualifiedErrorId : NamedParameterNotFound,Microsoft.PowerShell.Commands.MeasureObjectCommand

PS C:\Users\elriz\Documents\_coderepositories\bestOfRoms> TerminatingError(Measure-Object): "A parameter cannot be found that matches parameter name 'Count'."
Measure-Object : A parameter cannot be found that matches parameter name 'Count'.
At C:\Users\elriz\Documents\_coderepositories\bestOfRoms\MOVE_ROMS.ps1:189 char:91
+ ... lTokensContained | Where-Object { $_ } | Measure-Object -Count).Count
+                                                             ~~~~~~
    + CategoryInfo          : InvalidArgument: (:) [Measure-Object], ParameterBindingException
    + FullyQualifiedErrorId : NamedParameterNotFound,Microsoft.PowerShell.Commands.MeasureObjectCommand
Measure-Object : A parameter cannot be found that matches parameter name 'Count'.
At C:\Users\elriz\Documents\_coderepositories\bestOfRoms\MOVE_ROMS.ps1:189 char:91
+ ... lTokensContained | Where-Object { $_ } | Measure-Object -Count).Count
+                                                             ~~~~~~
    + CategoryInfo          : InvalidArgument: (:) [Measure-Object], ParameterBindingException
    + FullyQualifiedErrorId : NamedParameterNotFound,Microsoft.PowerShell.Commands.MeasureObjectCommand

PS C:\Users\elriz\Documents\_coderepositories\bestOfRoms> TerminatingError(Measure-Object): "A parameter cannot be found that matches parameter name 'Count'."
Measure-Object : A parameter cannot be found that matches parameter name 'Count'.
At C:\Users\elriz\Documents\_coderepositories\bestOfRoms\MOVE_ROMS.ps1:189 char:91
+ ... lTokensContained | Where-Object { $_ } | Measure-Object -Count).Count
+                                                             ~~~~~~
    + CategoryInfo          : InvalidArgument: (:) [Measure-Object], ParameterBindingException
    + FullyQualifiedErrorId : NamedParameterNotFound,Microsoft.PowerShell.Commands.MeasureObjectCommand
Measure-Object : A parameter cannot be found that matches parameter name 'Count'.
At C:\Users\elriz\Documents\_coderepositories\bestOfRoms\MOVE_ROMS.ps1:189 char:91
+ ... lTokensContained | Where-Object { $_ } | Measure-Object -Count).Count
+                                                             ~~~~~~
    + CategoryInfo          : InvalidArgument: (:) [Measure-Object], ParameterBindingException
    + FullyQualifiedErrorId : NamedParameterNotFound,Microsoft.PowerShell.Commands.MeasureObjectCommand

PS C:\Users\elriz\Documents\_coderepositories\bestOfRoms> TerminatingError(Measure-Object): "A parameter cannot be found that matches parameter name 'Count'."
Measure-Object : A parameter cannot be found that matches parameter name 'Count'.
At C:\Users\elriz\Documents\_coderepositories\bestOfRoms\MOVE_ROMS.ps1:189 char:91
+ ... lTokensContained | Where-Object { $_ } | Measure-Object -Count).Count
+                                                             ~~~~~~
    + CategoryInfo          : InvalidArgument: (:) [Measure-Object], ParameterBindingException
    + FullyQualifiedErrorId : NamedParameterNotFound,Microsoft.PowerShell.Commands.MeasureObjectCommand
Measure-Object : A parameter cannot be found that matches parameter name 'Count'.
At C:\Users\elriz\Documents\_coderepositories\bestOfRoms\MOVE_ROMS.ps1:189 char:91
+ ... lTokensContained | Where-Object { $_ } | Measure-Object -Count).Count
+                                                             ~~~~~~
    + CategoryInfo          : InvalidArgument: (:) [Measure-Object], ParameterBindingException
    + FullyQualifiedErrorId : NamedParameterNotFound,Microsoft.PowerShell.Commands.MeasureObjectCommand

PS C:\Users\elriz\Documents\_coderepositories\bestOfRoms> TerminatingError(Measure-Object): "A parameter cannot be found that matches parameter name 'Count'."
Measure-Object : A parameter cannot be found that matches parameter name 'Count'.
At C:\Users\elriz\Documents\_coderepositories\bestOfRoms\MOVE_ROMS.ps1:189 char:91
+ ... lTokensContained | Where-Object { $_ } | Measure-Object -Count).Count
+                                                             ~~~~~~
    + CategoryInfo          : InvalidArgument: (:) [Measure-Object], ParameterBindingException
    + FullyQualifiedErrorId : NamedParameterNotFound,Microsoft.PowerShell.Commands.MeasureObjectCommand
Measure-Object : A parameter cannot be found that matches parameter name 'Count'.
At C:\Users\elriz\Documents\_coderepositories\bestOfRoms\MOVE_ROMS.ps1:189 char:91
+ ... lTokensContained | Where-Object { $_ } | Measure-Object -Count).Count
+                                                             ~~~~~~
    + CategoryInfo          : InvalidArgument: (:) [Measure-Object], ParameterBindingException
    + FullyQualifiedErrorId : NamedParameterNotFound,Microsoft.PowerShell.Commands.MeasureObjectCommand

PS C:\Users\elriz\Documents\_coderepositories\bestOfRoms> TerminatingError(Measure-Object): "A parameter cannot be found that matches parameter name 'Count'."
Measure-Object : A parameter cannot be found that matches parameter name 'Count'.
At C:\Users\elriz\Documents\_coderepositories\bestOfRoms\MOVE_ROMS.ps1:189 char:91
+ ... lTokensContained | Where-Object { $_ } | Measure-Object -Count).Count
+                                                             ~~~~~~
    + CategoryInfo          : InvalidArgument: (:) [Measure-Object], ParameterBindingException
    + FullyQualifiedErrorId : NamedParameterNotFound,Microsoft.PowerShell.Commands.MeasureObjectCommand
Measure-Object : A parameter cannot be found that matches parameter name 'Count'.
At C:\Users\elriz\Documents\_coderepositories\bestOfRoms\MOVE_ROMS.ps1:189 char:91
+ ... lTokensContained | Where-Object { $_ } | Measure-Object -Count).Count
+                                                             ~~~~~~
    + CategoryInfo          : InvalidArgument: (:) [Measure-Object], ParameterBindingException
    + FullyQualifiedErrorId : NamedParameterNotFound,Microsoft.PowerShell.Commands.MeasureObjectCommand

PS C:\Users\elriz\Documents\_coderepositories\bestOfRoms> TerminatingError(Measure-Object): "A parameter cannot be found that matches parameter name 'Count'."
Measure-Object : A parameter cannot be found that matches parameter name 'Count'.
At C:\Users\elriz\Documents\_coderepositories\bestOfRoms\MOVE_ROMS.ps1:189 char:91
+ ... lTokensContained | Where-Object { $_ } | Measure-Object -Count).Count
+                                                             ~~~~~~
    + CategoryInfo          : InvalidArgument: (:) [Measure-Object], ParameterBindingException
    + FullyQualifiedErrorId : NamedParameterNotFound,Microsoft.PowerShell.Commands.MeasureObjectCommand
Measure-Object : A parameter cannot be found that matches parameter name 'Count'.
At C:\Users\elriz\Documents\_coderepositories\bestOfRoms\MOVE_ROMS.ps1:189 char:91
+ ... lTokensContained | Where-Object { $_ } | Measure-Object -Count).Count
+                                                             ~~~~~~
    + CategoryInfo          : InvalidArgument: (:) [Measure-Object], ParameterBindingException
    + FullyQualifiedErrorId : NamedParameterNotFound,Microsoft.PowerShell.Commands.MeasureObjectCommand

PS C:\Users\elriz\Documents\_coderepositories\bestOfRoms> TerminatingError(Measure-Object): "A parameter cannot be found that matches parameter name 'Count'."
Measure-Object : A parameter cannot be found that matches parameter name 'Count'.
At C:\Users\elriz\Documents\_coderepositories\bestOfRoms\MOVE_ROMS.ps1:189 char:91
+ ... lTokensContained | Where-Object { $_ } | Measure-Object -Count).Count
+                                                             ~~~~~~
    + CategoryInfo          : InvalidArgument: (:) [Measure-Object], ParameterBindingException
    + FullyQualifiedErrorId : NamedParameterNotFound,Microsoft.PowerShell.Commands.MeasureObjectCommand
Measure-Object : A parameter cannot be found that matches parameter name 'Count'.
At C:\Users\elriz\Documents\_coderepositories\bestOfRoms\MOVE_ROMS.ps1:189 char:91
+ ... lTokensContained | Where-Object { $_ } | Measure-Object -Count).Count
+                                                             ~~~~~~
    + CategoryInfo          : InvalidArgument: (:) [Measure-Object], ParameterBindingException
    + FullyQualifiedErrorId : NamedParameterNotFound,Microsoft.PowerShell.Commands.MeasureObjectCommand

PS C:\Users\elriz\Documents\_coderepositories\bestOfRoms> TerminatingError(Measure-Object): "A parameter cannot be found that matches parameter name 'Count'."
Measure-Object : A parameter cannot be found that matches parameter name 'Count'.
At C:\Users\elriz\Documents\_coderepositories\bestOfRoms\MOVE_ROMS.ps1:189 char:91
+ ... lTokensContained | Where-Object { $_ } | Measure-Object -Count).Count
+                                                             ~~~~~~
    + CategoryInfo          : InvalidArgument: (:) [Measure-Object], ParameterBindingException
    + FullyQualifiedErrorId : NamedParameterNotFound,Microsoft.PowerShell.Commands.MeasureObjectCommand
Measure-Object : A parameter cannot be found that matches parameter name 'Count'.
At C:\Users\elriz\Documents\_coderepositories\bestOfRoms\MOVE_ROMS.ps1:189 char:91
+ ... lTokensContained | Where-Object { $_ } | Measure-Object -Count).Count
+                                                             ~~~~~~
    + CategoryInfo          : InvalidArgument: (:) [Measure-Object], ParameterBindingException
    + FullyQualifiedErrorId : NamedParameterNotFound,Microsoft.PowerShell.Commands.MeasureObjectCommand

PS C:\Users\elriz\Documents\_coderepositories\bestOfRoms> TerminatingError(Measure-Object): "A parameter cannot be found that matches parameter name 'Count'."
Measure-Object : A parameter cannot be found that matches parameter name 'Count'.
At C:\Users\elriz\Documents\_coderepositories\bestOfRoms\MOVE_ROMS.ps1:189 char:91
+ ... lTokensContained | Where-Object { $_ } | Measure-Object -Count).Count
+                                                             ~~~~~~
    + CategoryInfo          : InvalidArgument: (:) [Measure-Object], ParameterBindingException
    + FullyQualifiedErrorId : NamedParameterNotFound,Microsoft.PowerShell.Commands.MeasureObjectCommand
Measure-Object : A parameter cannot be found that matches parameter name 'Count'.
At C:\Users\elriz\Documents\_coderepositories\bestOfRoms\MOVE_ROMS.ps1:189 char:91
+ ... lTokensContained | Where-Object { $_ } | Measure-Object -Count).Count
+                                                             ~~~~~~
    + CategoryInfo          : InvalidArgument: (:) [Measure-Object], ParameterBindingException
    + FullyQualifiedErrorId : NamedParameterNotFound,Microsoft.PowerShell.Commands.MeasureObjectCommand

PS C:\Users\elriz\Documents\_coderepositories\bestOfRoms> TerminatingError(Measure-Object): "A parameter cannot be found that matches parameter name 'Count'."
Measure-Object : A parameter cannot be found that matches parameter name 'Count'.
At C:\Users\elriz\Documents\_coderepositories\bestOfRoms\MOVE_ROMS.ps1:189 char:91
+ ... lTokensContained | Where-Object { $_ } | Measure-Object -Count).Count
+                                                             ~~~~~~
    + CategoryInfo          : InvalidArgument: (:) [Measure-Object], ParameterBindingException
    + FullyQualifiedErrorId : NamedParameterNotFound,Microsoft.PowerShell.Commands.MeasureObjectCommand
Measure-Object : A parameter cannot be found that matches parameter name 'Count'.
At C:\Users\elriz\Documents\_coderepositories\bestOfRoms\MOVE_ROMS.ps1:189 char:91
+ ... lTokensContained | Where-Object { $_ } | Measure-Object -Count).Count
+                                                             ~~~~~~
    + CategoryInfo          : InvalidArgument: (:) [Measure-Object], ParameterBindingException
    + FullyQualifiedErrorId : NamedParameterNotFound,Microsoft.PowerShell.Commands.MeasureObjectCommand

PS C:\Users\elriz\Documents\_coderepositories\bestOfRoms> TerminatingError(Measure-Object): "A parameter cannot be found that matches parameter name 'Count'."
Measure-Object : A parameter cannot be found that matches parameter name 'Count'.
At C:\Users\elriz\Documents\_coderepositories\bestOfRoms\MOVE_ROMS.ps1:189 char:91
+ ... lTokensContained | Where-Object { $_ } | Measure-Object -Count).Count
+                                                             ~~~~~~
    + CategoryInfo          : InvalidArgument: (:) [Measure-Object], ParameterBindingException
    + FullyQualifiedErrorId : NamedParameterNotFound,Microsoft.PowerShell.Commands.MeasureObjectCommand
Measure-Object : A parameter cannot be found that matches parameter name 'Count'.
At C:\Users\elriz\Documents\_coderepositories\bestOfRoms\MOVE_ROMS.ps1:189 char:91
+ ... lTokensContained | Where-Object { $_ } | Measure-Object -Count).Count
+                                                             ~~~~~~
    + CategoryInfo          : InvalidArgument: (:) [Measure-Object], ParameterBindingException
    + FullyQualifiedErrorId : NamedParameterNotFound,Microsoft.PowerShell.Commands.MeasureObjectCommand

PS C:\Users\elriz\Documents\_coderepositories\bestOfRoms> TerminatingError(Measure-Object): "A parameter cannot be found that matches parameter name 'Count'."
Measure-Object : A parameter cannot be found that matches parameter name 'Count'.
At C:\Users\elriz\Documents\_coderepositories\bestOfRoms\MOVE_ROMS.ps1:189 char:91
+ ... lTokensContained | Where-Object { $_ } | Measure-Object -Count).Count
+                                                             ~~~~~~
    + CategoryInfo          : InvalidArgument: (:) [Measure-Object], ParameterBindingException
    + FullyQualifiedErrorId : NamedParameterNotFound,Microsoft.PowerShell.Commands.MeasureObjectCommand
Measure-Object : A parameter cannot be found that matches parameter name 'Count'.
At C:\Users\elriz\Documents\_coderepositories\bestOfRoms\MOVE_ROMS.ps1:189 char:91
+ ... lTokensContained | Where-Object { $_ } | Measure-Object -Count).Count
+                                                             ~~~~~~
    + CategoryInfo          : InvalidArgument: (:) [Measure-Object], ParameterBindingException
    + FullyQualifiedErrorId : NamedParameterNotFound,Microsoft.PowerShell.Commands.MeasureObjectCommand

PS C:\Users\elriz\Documents\_coderepositories\bestOfRoms> TerminatingError(Measure-Object): "A parameter cannot be found that matches parameter name 'Count'."
Measure-Object : A parameter cannot be found that matches parameter name 'Count'.
At C:\Users\elriz\Documents\_coderepositories\bestOfRoms\MOVE_ROMS.ps1:189 char:91
+ ... lTokensContained | Where-Object { $_ } | Measure-Object -Count).Count
+                                                             ~~~~~~
    + CategoryInfo          : InvalidArgument: (:) [Measure-Object], ParameterBindingException
    + FullyQualifiedErrorId : NamedParameterNotFound,Microsoft.PowerShell.Commands.MeasureObjectCommand
Measure-Object : A parameter cannot be found that matches parameter name 'Count'.
At C:\Users\elriz\Documents\_coderepositories\bestOfRoms\MOVE_ROMS.ps1:189 char:91
+ ... lTokensContained | Where-Object { $_ } | Measure-Object -Count).Count
+                                                             ~~~~~~
    + CategoryInfo          : InvalidArgument: (:) [Measure-Object], ParameterBindingException
    + FullyQualifiedErrorId : NamedParameterNotFound,Microsoft.PowerShell.Commands.MeasureObjectCommand

PS C:\Users\elriz\Documents\_coderepositories\bestOfRoms> TerminatingError(Measure-Object): "A parameter cannot be found that matches parameter name 'Count'."
Measure-Object : A parameter cannot be found that matches parameter name 'Count'.
At C:\Users\elriz\Documents\_coderepositories\bestOfRoms\MOVE_ROMS.ps1:189 char:91
+ ... lTokensContained | Where-Object { $_ } | Measure-Object -Count).Count
+                                                             ~~~~~~
    + CategoryInfo          : InvalidArgument: (:) [Measure-Object], ParameterBindingException
    + FullyQualifiedErrorId : NamedParameterNotFound,Microsoft.PowerShell.Commands.MeasureObjectCommand
Measure-Object : A parameter cannot be found that matches parameter name 'Count'.
At C:\Users\elriz\Documents\_coderepositories\bestOfRoms\MOVE_ROMS.ps1:189 char:91
+ ... lTokensContained | Where-Object { $_ } | Measure-Object -Count).Count
+                                                             ~~~~~~
    + CategoryInfo          : InvalidArgument: (:) [Measure-Object], ParameterBindingException
    + FullyQualifiedErrorId : NamedParameterNotFound,Microsoft.PowerShell.Commands.MeasureObjectCommand

PS C:\Users\elriz\Documents\_coderepositories\bestOfRoms> TerminatingError(Measure-Object): "A parameter cannot be found that matches parameter name 'Count'."
Measure-Object : A parameter cannot be found that matches parameter name 'Count'.
At C:\Users\elriz\Documents\_coderepositories\bestOfRoms\MOVE_ROMS.ps1:189 char:91
+ ... lTokensContained | Where-Object { $_ } | Measure-Object -Count).Count
+                                                             ~~~~~~
    + CategoryInfo          : InvalidArgument: (:) [Measure-Object], ParameterBindingException
    + FullyQualifiedErrorId : NamedParameterNotFound,Microsoft.PowerShell.Commands.MeasureObjectCommand
Measure-Object : A parameter cannot be found that matches parameter name 'Count'.
At C:\Users\elriz\Documents\_coderepositories\bestOfRoms\MOVE_ROMS.ps1:189 char:91
+ ... lTokensContained | Where-Object { $_ } | Measure-Object -Count).Count
+                                                             ~~~~~~
    + CategoryInfo          : InvalidArgument: (:) [Measure-Object], ParameterBindingException
    + FullyQualifiedErrorId : NamedParameterNotFound,Microsoft.PowerShell.Commands.MeasureObjectCommand

PS C:\Users\elriz\Documents\_coderepositories\bestOfRoms> TerminatingError(Measure-Object): "A parameter cannot be found that matches parameter name 'Count'."
Measure-Object : A parameter cannot be found that matches parameter name 'Count'.
At C:\Users\elriz\Documents\_coderepositories\bestOfRoms\MOVE_ROMS.ps1:189 char:91
+ ... lTokensContained | Where-Object { $_ } | Measure-Object -Count).Count
+                                                             ~~~~~~
    + CategoryInfo          : InvalidArgument: (:) [Measure-Object], ParameterBindingException
    + FullyQualifiedErrorId : NamedParameterNotFound,Microsoft.PowerShell.Commands.MeasureObjectCommand
Measure-Object : A parameter cannot be found that matches parameter name 'Count'.
At C:\Users\elriz\Documents\_coderepositories\bestOfRoms\MOVE_ROMS.ps1:189 char:91
+ ... lTokensContained | Where-Object { $_ } | Measure-Object -Count).Count
+                                                             ~~~~~~
    + CategoryInfo          : InvalidArgument: (:) [Measure-Object], ParameterBindingException
    + FullyQualifiedErrorId : NamedParameterNotFound,Microsoft.PowerShell.Commands.MeasureObjectCommand

PS C:\Users\elriz\Documents\_coderepositories\bestOfRoms> TerminatingError(Measure-Object): "A parameter cannot be found that matches parameter name 'Count'."
Measure-Object : A parameter cannot be found that matches parameter name 'Count'.
At C:\Users\elriz\Documents\_coderepositories\bestOfRoms\MOVE_ROMS.ps1:189 char:91
+ ... lTokensContained | Where-Object { $_ } | Measure-Object -Count).Count
+                                                             ~~~~~~
    + CategoryInfo          : InvalidArgument: (:) [Measure-Object], ParameterBindingException
    + FullyQualifiedErrorId : NamedParameterNotFound,Microsoft.PowerShell.Commands.MeasureObjectCommand
Measure-Object : A parameter cannot be found that matches parameter name 'Count'.
At C:\Users\elriz\Documents\_coderepositories\bestOfRoms\MOVE_ROMS.ps1:189 char:91
+ ... lTokensContained | Where-Object { $_ } | Measure-Object -Count).Count
+                                                             ~~~~~~
    + CategoryInfo          : InvalidArgument: (:) [Measure-Object], ParameterBindingException
    + FullyQualifiedErrorId : NamedParameterNotFound,Microsoft.PowerShell.Commands.MeasureObjectCommand

PS C:\Users\elriz\Documents\_coderepositories\bestOfRoms> TerminatingError(Measure-Object): "A parameter cannot be found that matches parameter name 'Count'."
Measure-Object : A parameter cannot be found that matches parameter name 'Count'.
At C:\Users\elriz\Documents\_coderepositories\bestOfRoms\MOVE_ROMS.ps1:189 char:91
+ ... lTokensContained | Where-Object { $_ } | Measure-Object -Count).Count
+                                                             ~~~~~~
    + CategoryInfo          : InvalidArgument: (:) [Measure-Object], ParameterBindingException
    + FullyQualifiedErrorId : NamedParameterNotFound,Microsoft.PowerShell.Commands.MeasureObjectCommand
Measure-Object : A parameter cannot be found that matches parameter name 'Count'.
At C:\Users\elriz\Documents\_coderepositories\bestOfRoms\MOVE_ROMS.ps1:189 char:91
+ ... lTokensContained | Where-Object { $_ } | Measure-Object -Count).Count
+                                                             ~~~~~~
    + CategoryInfo          : InvalidArgument: (:) [Measure-Object], ParameterBindingException
    + FullyQualifiedErrorId : NamedParameterNotFound,Microsoft.PowerShell.Commands.MeasureObjectCommand

PS C:\Users\elriz\Documents\_coderepositories\bestOfRoms> TerminatingError(Measure-Object): "A parameter cannot be found that matches parameter name 'Count'."
Measure-Object : A parameter cannot be found that matches parameter name 'Count'.
At C:\Users\elriz\Documents\_coderepositories\bestOfRoms\MOVE_ROMS.ps1:189 char:91
+ ... lTokensContained | Where-Object { $_ } | Measure-Object -Count).Count
+                                                             ~~~~~~
    + CategoryInfo          : InvalidArgument: (:) [Measure-Object], ParameterBindingException
    + FullyQualifiedErrorId : NamedParameterNotFound,Microsoft.PowerShell.Commands.MeasureObjectCommand
Measure-Object : A parameter cannot be found that matches parameter name 'Count'.
At C:\Users\elriz\Documents\_coderepositories\bestOfRoms\MOVE_ROMS.ps1:189 char:91
+ ... lTokensContained | Where-Object { $_ } | Measure-Object -Count).Count
+                                                             ~~~~~~
    + CategoryInfo          : InvalidArgument: (:) [Measure-Object], ParameterBindingException
    + FullyQualifiedErrorId : NamedParameterNotFound,Microsoft.PowerShell.Commands.MeasureObjectCommand

PS C:\Users\elriz\Documents\_coderepositories\bestOfRoms> TerminatingError(Measure-Object): "A parameter cannot be found that matches parameter name 'Count'."
Measure-Object : A parameter cannot be found that matches parameter name 'Count'.
At C:\Users\elriz\Documents\_coderepositories\bestOfRoms\MOVE_ROMS.ps1:189 char:91
+ ... lTokensContained | Where-Object { $_ } | Measure-Object -Count).Count
+                                                             ~~~~~~
    + CategoryInfo          : InvalidArgument: (:) [Measure-Object], ParameterBindingException
    + FullyQualifiedErrorId : NamedParameterNotFound,Microsoft.PowerShell.Commands.MeasureObjectCommand
Measure-Object : A parameter cannot be found that matches parameter name 'Count'.
At C:\Users\elriz\Documents\_coderepositories\bestOfRoms\MOVE_ROMS.ps1:189 char:91
+ ... lTokensContained | Where-Object { $_ } | Measure-Object -Count).Count
+                                                             ~~~~~~
    + CategoryInfo          : InvalidArgument: (:) [Measure-Object], ParameterBindingException
    + FullyQualifiedErrorId : NamedParameterNotFound,Microsoft.PowerShell.Commands.MeasureObjectCommand

PS C:\Users\elriz\Documents\_coderepositories\bestOfRoms> TerminatingError(Measure-Object): "A parameter cannot be found that matches parameter name 'Count'."
Measure-Object : A parameter cannot be found that matches parameter name 'Count'.
At C:\Users\elriz\Documents\_coderepositories\bestOfRoms\MOVE_ROMS.ps1:189 char:91
+ ... lTokensContained | Where-Object { $_ } | Measure-Object -Count).Count
+                                                             ~~~~~~
    + CategoryInfo          : InvalidArgument: (:) [Measure-Object], ParameterBindingException
    + FullyQualifiedErrorId : NamedParameterNotFound,Microsoft.PowerShell.Commands.MeasureObjectCommand
Measure-Object : A parameter cannot be found that matches parameter name 'Count'.
At C:\Users\elriz\Documents\_coderepositories\bestOfRoms\MOVE_ROMS.ps1:189 char:91
+ ... lTokensContained | Where-Object { $_ } | Measure-Object -Count).Count
+                                                             ~~~~~~
    + CategoryInfo          : InvalidArgument: (:) [Measure-Object], ParameterBindingException
    + FullyQualifiedErrorId : NamedParameterNotFound,Microsoft.PowerShell.Commands.MeasureObjectCommand

PS C:\Users\elriz\Documents\_coderepositories\bestOfRoms> TerminatingError(Measure-Object): "A parameter cannot be found that matches parameter name 'Count'."
Measure-Object : A parameter cannot be found that matches parameter name 'Count'.
At C:\Users\elriz\Documents\_coderepositories\bestOfRoms\MOVE_ROMS.ps1:189 char:91
+ ... lTokensContained | Where-Object { $_ } | Measure-Object -Count).Count
+                                                             ~~~~~~
    + CategoryInfo          : InvalidArgument: (:) [Measure-Object], ParameterBindingException
    + FullyQualifiedErrorId : NamedParameterNotFound,Microsoft.PowerShell.Commands.MeasureObjectCommand
Measure-Object : A parameter cannot be found that matches parameter name 'Count'.
At C:\Users\elriz\Documents\_coderepositories\bestOfRoms\MOVE_ROMS.ps1:189 char:91
+ ... lTokensContained | Where-Object { $_ } | Measure-Object -Count).Count
+                                                             ~~~~~~
    + CategoryInfo          : InvalidArgument: (:) [Measure-Object], ParameterBindingException
    + FullyQualifiedErrorId : NamedParameterNotFound,Microsoft.PowerShell.Commands.MeasureObjectCommand

PS C:\Users\elriz\Documents\_coderepositories\bestOfRoms> TerminatingError(Measure-Object): "A parameter cannot be found that matches parameter name 'Count'."
Measure-Object : A parameter cannot be found that matches parameter name 'Count'.
At C:\Users\elriz\Documents\_coderepositories\bestOfRoms\MOVE_ROMS.ps1:189 char:91
+ ... lTokensContained | Where-Object { $_ } | Measure-Object -Count).Count
+                                                             ~~~~~~
    + CategoryInfo          : InvalidArgument: (:) [Measure-Object], ParameterBindingException
    + FullyQualifiedErrorId : NamedParameterNotFound,Microsoft.PowerShell.Commands.MeasureObjectCommand
Measure-Object : A parameter cannot be found that matches parameter name 'Count'.
At C:\Users\elriz\Documents\_coderepositories\bestOfRoms\MOVE_ROMS.ps1:189 char:91
+ ... lTokensContained | Where-Object { $_ } | Measure-Object -Count).Count
+                                                             ~~~~~~
    + CategoryInfo          : InvalidArgument: (:) [Measure-Object], ParameterBindingException
    + FullyQualifiedErrorId : NamedParameterNotFound,Microsoft.PowerShell.Commands.MeasureObjectCommand

PS C:\Users\elriz\Documents\_coderepositories\bestOfRoms> TerminatingError(Measure-Object): "A parameter cannot be found that matches parameter name 'Count'."
Measure-Object : A parameter cannot be found that matches parameter name 'Count'.
At C:\Users\elriz\Documents\_coderepositories\bestOfRoms\MOVE_ROMS.ps1:189 char:91
+ ... lTokensContained | Where-Object { $_ } | Measure-Object -Count).Count
+                                                             ~~~~~~
    + CategoryInfo          : InvalidArgument: (:) [Measure-Object], ParameterBindingException
    + FullyQualifiedErrorId : NamedParameterNotFound,Microsoft.PowerShell.Commands.MeasureObjectCommand
Measure-Object : A parameter cannot be found that matches parameter name 'Count'.
At C:\Users\elriz\Documents\_coderepositories\bestOfRoms\MOVE_ROMS.ps1:189 char:91
+ ... lTokensContained | Where-Object { $_ } | Measure-Object -Count).Count
+                                                             ~~~~~~
    + CategoryInfo          : InvalidArgument: (:) [Measure-Object], ParameterBindingException
    + FullyQualifiedErrorId : NamedParameterNotFound,Microsoft.PowerShell.Commands.MeasureObjectCommand

PS C:\Users\elriz\Documents\_coderepositories\bestOfRoms> TerminatingError(Measure-Object): "A parameter cannot be found that matches parameter name 'Count'."
Measure-Object : A parameter cannot be found that matches parameter name 'Count'.
At C:\Users\elriz\Documents\_coderepositories\bestOfRoms\MOVE_ROMS.ps1:189 char:91
+ ... lTokensContained | Where-Object { $_ } | Measure-Object -Count).Count
+                                                             ~~~~~~
    + CategoryInfo          : InvalidArgument: (:) [Measure-Object], ParameterBindingException
    + FullyQualifiedErrorId : NamedParameterNotFound,Microsoft.PowerShell.Commands.MeasureObjectCommand
Measure-Object : A parameter cannot be found that matches parameter name 'Count'.
At C:\Users\elriz\Documents\_coderepositories\bestOfRoms\MOVE_ROMS.ps1:189 char:91
+ ... lTokensContained | Where-Object { $_ } | Measure-Object -Count).Count
+                                                             ~~~~~~
    + CategoryInfo          : InvalidArgument: (:) [Measure-Object], ParameterBindingException
    + FullyQualifiedErrorId : NamedParameterNotFound,Microsoft.PowerShell.Commands.MeasureObjectCommand

PS C:\Users\elriz\Documents\_coderepositories\bestOfRoms> TerminatingError(Measure-Object): "A parameter cannot be found that matches parameter name 'Count'."
Measure-Object : A parameter cannot be found that matches parameter name 'Count'.
At C:\Users\elriz\Documents\_coderepositories\bestOfRoms\MOVE_ROMS.ps1:189 char:91
+ ... lTokensContained | Where-Object { $_ } | Measure-Object -Count).Count
+                                                             ~~~~~~
    + CategoryInfo          : InvalidArgument: (:) [Measure-Object], ParameterBindingException
    + FullyQualifiedErrorId : NamedParameterNotFound,Microsoft.PowerShell.Commands.MeasureObjectCommand
Measure-Object : A parameter cannot be found that matches parameter name 'Count'.
At C:\Users\elriz\Documents\_coderepositories\bestOfRoms\MOVE_ROMS.ps1:189 char:91
+ ... lTokensContained | Where-Object { $_ } | Measure-Object -Count).Count
+                                                             ~~~~~~
    + CategoryInfo          : InvalidArgument: (:) [Measure-Object], ParameterBindingException
    + FullyQualifiedErrorId : NamedParameterNotFound,Microsoft.PowerShell.Commands.MeasureObjectCommand

PS C:\Users\elriz\Documents\_coderepositories\bestOfRoms> TerminatingError(Measure-Object): "A parameter cannot be found that matches parameter name 'Count'."
Measure-Object : A parameter cannot be found that matches parameter name 'Count'.
At C:\Users\elriz\Documents\_coderepositories\bestOfRoms\MOVE_ROMS.ps1:189 char:91
+ ... lTokensContained | Where-Object { $_ } | Measure-Object -Count).Count
+                                                             ~~~~~~
    + CategoryInfo          : InvalidArgument: (:) [Measure-Object], ParameterBindingException
    + FullyQualifiedErrorId : NamedParameterNotFound,Microsoft.PowerShell.Commands.MeasureObjectCommand
Measure-Object : A parameter cannot be found that matches parameter name 'Count'.
At C:\Users\elriz\Documents\_coderepositories\bestOfRoms\MOVE_ROMS.ps1:189 char:91
+ ... lTokensContained | Where-Object { $_ } | Measure-Object -Count).Count
+                                                             ~~~~~~
    + CategoryInfo          : InvalidArgument: (:) [Measure-Object], ParameterBindingException
    + FullyQualifiedErrorId : NamedParameterNotFound,Microsoft.PowerShell.Commands.MeasureObjectCommand

PS C:\Users\elriz\Documents\_coderepositories\bestOfRoms> TerminatingError(Measure-Object): "A parameter cannot be found that matches parameter name 'Count'."
Measure-Object : A parameter cannot be found that matches parameter name 'Count'.
At C:\Users\elriz\Documents\_coderepositories\bestOfRoms\MOVE_ROMS.ps1:189 char:91
+ ... lTokensContained | Where-Object { $_ } | Measure-Object -Count).Count
+                                                             ~~~~~~
    + CategoryInfo          : InvalidArgument: (:) [Measure-Object], ParameterBindingException
    + FullyQualifiedErrorId : NamedParameterNotFound,Microsoft.PowerShell.Commands.MeasureObjectCommand
Measure-Object : A parameter cannot be found that matches parameter name 'Count'.
At C:\Users\elriz\Documents\_coderepositories\bestOfRoms\MOVE_ROMS.ps1:189 char:91
+ ... lTokensContained | Where-Object { $_ } | Measure-Object -Count).Count
+                                                             ~~~~~~
    + CategoryInfo          : InvalidArgument: (:) [Measure-Object], ParameterBindingException
    + FullyQualifiedErrorId : NamedParameterNotFound,Microsoft.PowerShell.Commands.MeasureObjectCommand

PS C:\Users\elriz\Documents\_coderepositories\bestOfRoms> TerminatingError(Measure-Object): "A parameter cannot be found that matches parameter name 'Count'."
Measure-Object : A parameter cannot be found that matches parameter name 'Count'.
At C:\Users\elriz\Documents\_coderepositories\bestOfRoms\MOVE_ROMS.ps1:189 char:91
+ ... lTokensContained | Where-Object { $_ } | Measure-Object -Count).Count
+                                                             ~~~~~~
    + CategoryInfo          : InvalidArgument: (:) [Measure-Object], ParameterBindingException
    + FullyQualifiedErrorId : NamedParameterNotFound,Microsoft.PowerShell.Commands.MeasureObjectCommand
Measure-Object : A parameter cannot be found that matches parameter name 'Count'.
At C:\Users\elriz\Documents\_coderepositories\bestOfRoms\MOVE_ROMS.ps1:189 char:91
+ ... lTokensContained | Where-Object { $_ } | Measure-Object -Count).Count
+                                                             ~~~~~~
    + CategoryInfo          : InvalidArgument: (:) [Measure-Object], ParameterBindingException
    + FullyQualifiedErrorId : NamedParameterNotFound,Microsoft.PowerShell.Commands.MeasureObjectCommand

PS C:\Users\elriz\Documents\_coderepositories\bestOfRoms> TerminatingError(Measure-Object): "A parameter cannot be found that matches parameter name 'Count'."
Measure-Object : A parameter cannot be found that matches parameter name 'Count'.
At C:\Users\elriz\Documents\_coderepositories\bestOfRoms\MOVE_ROMS.ps1:189 char:91
+ ... lTokensContained | Where-Object { $_ } | Measure-Object -Count).Count
+                                                             ~~~~~~
    + CategoryInfo          : InvalidArgument: (:) [Measure-Object], ParameterBindingException
    + FullyQualifiedErrorId : NamedParameterNotFound,Microsoft.PowerShell.Commands.MeasureObjectCommand
Measure-Object : A parameter cannot be found that matches parameter name 'Count'.
At C:\Users\elriz\Documents\_coderepositories\bestOfRoms\MOVE_ROMS.ps1:189 char:91
+ ... lTokensContained | Where-Object { $_ } | Measure-Object -Count).Count
+                                                             ~~~~~~
    + CategoryInfo          : InvalidArgument: (:) [Measure-Object], ParameterBindingException
    + FullyQualifiedErrorId : NamedParameterNotFound,Microsoft.PowerShell.Commands.MeasureObjectCommand

PS C:\Users\elriz\Documents\_coderepositories\bestOfRoms> TerminatingError(Measure-Object): "A parameter cannot be found that matches parameter name 'Count'."
Measure-Object : A parameter cannot be found that matches parameter name 'Count'.
At C:\Users\elriz\Documents\_coderepositories\bestOfRoms\MOVE_ROMS.ps1:189 char:91
+ ... lTokensContained | Where-Object { $_ } | Measure-Object -Count).Count
+                                                             ~~~~~~
    + CategoryInfo          : InvalidArgument: (:) [Measure-Object], ParameterBindingException
    + FullyQualifiedErrorId : NamedParameterNotFound,Microsoft.PowerShell.Commands.MeasureObjectCommand
Measure-Object : A parameter cannot be found that matches parameter name 'Count'.
At C:\Users\elriz\Documents\_coderepositories\bestOfRoms\MOVE_ROMS.ps1:189 char:91
+ ... lTokensContained | Where-Object { $_ } | Measure-Object -Count).Count
+                                                             ~~~~~~
    + CategoryInfo          : InvalidArgument: (:) [Measure-Object], ParameterBindingException
    + FullyQualifiedErrorId : NamedParameterNotFound,Microsoft.PowerShell.Commands.MeasureObjectCommand

PS C:\Users\elriz\Documents\_coderepositories\bestOfRoms> TerminatingError(Measure-Object): "A parameter cannot be found that matches parameter name 'Count'."
Measure-Object : A parameter cannot be found that matches parameter name 'Count'.
At C:\Users\elriz\Documents\_coderepositories\bestOfRoms\MOVE_ROMS.ps1:189 char:91
+ ... lTokensContained | Where-Object { $_ } | Measure-Object -Count).Count
+                                                             ~~~~~~
    + CategoryInfo          : InvalidArgument: (:) [Measure-Object], ParameterBindingException
    + FullyQualifiedErrorId : NamedParameterNotFound,Microsoft.PowerShell.Commands.MeasureObjectCommand
Measure-Object : A parameter cannot be found that matches parameter name 'Count'.
At C:\Users\elriz\Documents\_coderepositories\bestOfRoms\MOVE_ROMS.ps1:189 char:91
+ ... lTokensContained | Where-Object { $_ } | Measure-Object -Count).Count
+                                                             ~~~~~~
    + CategoryInfo          : InvalidArgument: (:) [Measure-Object], ParameterBindingException
    + FullyQualifiedErrorId : NamedParameterNotFound,Microsoft.PowerShell.Commands.MeasureObjectCommand

PS C:\Users\elriz\Documents\_coderepositories\bestOfRoms> TerminatingError(Measure-Object): "A parameter cannot be found that matches parameter name 'Count'."
Measure-Object : A parameter cannot be found that matches parameter name 'Count'.
At C:\Users\elriz\Documents\_coderepositories\bestOfRoms\MOVE_ROMS.ps1:189 char:91
+ ... lTokensContained | Where-Object { $_ } | Measure-Object -Count).Count
+                                                             ~~~~~~
    + CategoryInfo          : InvalidArgument: (:) [Measure-Object], ParameterBindingException
    + FullyQualifiedErrorId : NamedParameterNotFound,Microsoft.PowerShell.Commands.MeasureObjectCommand
Measure-Object : A parameter cannot be found that matches parameter name 'Count'.
At C:\Users\elriz\Documents\_coderepositories\bestOfRoms\MOVE_ROMS.ps1:189 char:91
+ ... lTokensContained | Where-Object { $_ } | Measure-Object -Count).Count
+                                                             ~~~~~~
    + CategoryInfo          : InvalidArgument: (:) [Measure-Object], ParameterBindingException
    + FullyQualifiedErrorId : NamedParameterNotFound,Microsoft.PowerShell.Commands.MeasureObjectCommand

PS C:\Users\elriz\Documents\_coderepositories\bestOfRoms> TerminatingError(Measure-Object): "A parameter cannot be found that matches parameter name 'Count'."
Measure-Object : A parameter cannot be found that matches parameter name 'Count'.
At C:\Users\elriz\Documents\_coderepositories\bestOfRoms\MOVE_ROMS.ps1:189 char:91
+ ... lTokensContained | Where-Object { $_ } | Measure-Object -Count).Count
+                                                             ~~~~~~
    + CategoryInfo          : InvalidArgument: (:) [Measure-Object], ParameterBindingException
    + FullyQualifiedErrorId : NamedParameterNotFound,Microsoft.PowerShell.Commands.MeasureObjectCommand
>> TerminatingError(): "The pipeline has been stopped."
>> TerminatingError(): "The pipeline has been stopped."
>> TerminatingError(): "The pipeline has been stopped."
PS C:\Users\elriz\Documents\_coderepositories\bestOfRoms> .\MOVE_ROMS.ps1
Transcript started, output file is C:\Users\elriz\Documents\_coderepositories\bestOfRoms\results\results_aa.txt
Transcript started. Output being saved to: C:\Users\elriz\Documents\_coderepositories\bestOfRoms\results\results_aa.txt
Confirmed full write permissions on destination directory.
Starting file copy process using System.IO.File::Copy method...
Destination Directory: D:\ROMs\Genesis\_BEST
Initial Fuzzy Match Threshold: 70%
--------------------------------------------------------

Processing entry: 'Streets of Rage 2' (Searching for 'Streets Rage 2' at 70%)
  -> TOKEN MATCH BOOST APPLIED: Score set to 0.95 due to perfect token subset.
  -> TOKEN MATCH BOOST APPLIED: Score set to 0.95 due to perfect token subset.
  -> TOKEN MATCH BOOST APPLIED: Score set to 0.95 due to perfect token subset.
  -> TOKEN MATCH BOOST APPLIED: Score set to 0.95 due to perfect token subset.
  -> TOKEN MATCH BOOST APPLIED: Score set to 0.95 due to perfect token subset.
  -> Chosen: Streets of Rage 2 (U) [!].zip (Highest Priority ([!] and (U)/(JUE)), Similarity: 1)
  WARNING: Copy succeeded but file was not immediately detectable. Confirm file is in destination.

Processing entry: 'Gunstar Heroes' (Searching for 'Gunstar Heroes' at 70%)
  -> Chosen: Gunstar Heroes (U) [!].zip (Highest Priority ([!] and (U)/(JUE)), Similarity: 1)
  WARNING: Copy succeeded but file was not immediately detectable. Confirm file is in destination.

Processing entry: 'Sonic the Hedgehog 2' (Searching for 'Sonic Hedgehog 2' at 70%)
  -> TOKEN MATCH BOOST APPLIED: Score set to 0.95 due to perfect token subset.
  -> TOKEN MATCH BOOST APPLIED: Score set to 0.95 due to perfect token subset.
  -> TOKEN MATCH BOOST APPLIED: Score set to 0.95 due to perfect token subset.
  -> TOKEN MATCH BOOST APPLIED: Score set to 0.95 due to perfect token subset.
  -> TOKEN MATCH BOOST APPLIED: Score set to 0.95 due to perfect token subset.
  -> TOKEN MATCH BOOST APPLIED: Score set to 0.95 due to perfect token subset.
  -> Chosen: Sonic the Hedgehog 2 (JUE) [!].zip (Highest Priority ([!] and (U)/(JUE)), Similarity: 1)
  WARNING: Copy succeeded but file was not immediately detectable. Confirm file is in destination.

Processing entry: 'Phantasy Star IV: The End of the Millennium' (Searching for 'Phantasy Star IV End the Millennium' at 70%)
  -> Chosen: Phantasy Star 4 - The End of The Millenium (4) [!].zip (Accepted Region (Fallback), Similarity: 0.914285714285714)
  WARNING: Copy succeeded but file was not immediately detectable. Confirm file is in destination.

Processing entry: 'Sonic the Hedgehog 3 & Knuckles' (Searching for 'Sonic Hedgehog 3 Knuckles' at 70%)
  -> TOKEN MATCH BOOST APPLIED: Score set to 0.95 due to perfect token subset.
  -> TOKEN MATCH BOOST APPLIED: Score set to 0.95 due to perfect token subset.
  -> TOKEN MATCH BOOST APPLIED: Score set to 0.95 due to perfect token subset.
  -> TOKEN MATCH BOOST APPLIED: Score set to 0.95 due to perfect token subset.
  -> TOKEN MATCH BOOST APPLIED: Score set to 0.95 due to perfect token subset.
  -> TOKEN MATCH BOOST APPLIED: Score set to 0.95 due to perfect token subset.
  -> TOKEN MATCH BOOST APPLIED: Score set to 0.95 due to perfect token subset.
  -> TOKEN MATCH BOOST APPLIED: Score set to 0.95 due to perfect token subset.
  -> TOKEN MATCH BOOST APPLIED: Score set to 0.95 due to perfect token subset.
  -> TOKEN MATCH BOOST APPLIED: Score set to 0.95 due to perfect token subset.
  -> TOKEN MATCH BOOST APPLIED: Score set to 0.95 due to perfect token subset.
  -> TOKEN MATCH BOOST APPLIED: Score set to 0.95 due to perfect token subset.
  -> TOKEN MATCH BOOST APPLIED: Score set to 0.95 due to perfect token subset.
  -> TOKEN MATCH BOOST APPLIED: Score set to 0.95 due to perfect token subset.
  -> TOKEN MATCH BOOST APPLIED: Score set to 0.95 due to perfect token subset.
  -> TOKEN MATCH BOOST APPLIED: Score set to 0.95 due to perfect token subset.
  -> TOKEN MATCH BOOST APPLIED: Score set to 0.95 due to perfect token subset.
  -> TOKEN MATCH BOOST APPLIED: Score set to 0.95 due to perfect token subset.
  -> TOKEN MATCH BOOST APPLIED: Score set to 0.95 due to perfect token subset.
  -> TOKEN MATCH BOOST APPLIED: Score set to 0.95 due to perfect token subset.
  -> TOKEN MATCH BOOST APPLIED: Score set to 0.95 due to perfect token subset.
  -> TOKEN MATCH BOOST APPLIED: Score set to 0.95 due to perfect token subset.
  -> Chosen: Sonic the Hedgehog (JUE) [p1][!].zip (Highest Priority ([!] and (U)/(JUE)), Similarity: 0.95)
  WARNING: Copy succeeded but file was not immediately detectable. Confirm file is in destination.

Processing entry: 'Shining Force II' (Searching for 'Shining Force II' at 70%)
  -> TOKEN MATCH BOOST APPLIED: Score set to 0.95 due to perfect token subset.
  -> TOKEN MATCH BOOST APPLIED: Score set to 0.95 due to perfect token subset.
  -> TOKEN MATCH BOOST APPLIED: Score set to 0.95 due to perfect token subset.
  -> TOKEN MATCH BOOST APPLIED: Score set to 0.95 due to perfect token subset.
  -> Chosen: Shining Force 2 (U) [!].zip (Highest Priority ([!] and (U)/(JUE)), Similarity: 0.875)
  WARNING: Copy succeeded but file was not immediately detectable. Confirm file is in destination.

Processing entry: 'Contra: Hard Corps' (Searching for 'Contra Hard Corps' at 70%)
  -> Chosen: Contra - Hard Corps (U) [!].zip (Highest Priority ([!] and (U)/(JUE)), Similarity: 1)
  WARNING: Copy succeeded but file was not immediately detectable. Confirm file is in destination.

Processing entry: 'Castlevania: Bloodlines' (Searching for 'Castlevania Bloodlines' at 70%)
  -> Chosen: Castlevania - Bloodlines (U) [h1].zip (High Priority ((U) or (JUE) only), Similarity: 1)
  WARNING: Copy succeeded but file was not immediately detectable. Confirm file is in destination.

Processing entry: 'Shinobi III: Return of the Ninja Master' (Searching for 'Shinobi III Return the Ninja Master' at 70%)
  -> Chosen: Shinobi 3 - Return of the Ninja Master (U) [T-Port_Rigues].zip (High Priority ((U) or (JUE) only), Similarity: 0.914285714285714)
  WARNING: Copy succeeded but file was not immediately detectable. Confirm file is in destination.

Processing entry: 'Beyond Oasis (Story of Thor)' (Searching for 'Beyond Oasis' at 70%)
  -> Chosen: Beyond Oasis (4) [!].zip (Accepted Region (Fallback), Similarity: 1)
  WARNING: Copy succeeded but file was not immediately detectable. Confirm file is in destination.

Processing entry: 'Thunder Force IV (Lightening Force)' (Searching for 'Thunder Force 4' at 70%)
  -> Chosen: Thunder Force 2 (U) [!].zip (Highest Priority ([!] and (U)/(JUE)), Similarity: 0.933333333333333)
  WARNING: Copy succeeded but file was not immediately detectable. Confirm file is in destination.

Processing entry: 'Rocket Knight Adventures' (Searching for 'Rocket Knight Adventures' at 70%)
  -> Chosen: Rocket Knight Adventures (U) [!].zip (Highest Priority ([!] and (U)/(JUE)), Similarity: 1)
  WARNING: Copy succeeded but file was not immediately detectable. Confirm file is in destination.

Processing entry: 'Comix Zone' (Searching for 'Comix Zone' at 70%)
  -> Chosen: Comix Zone (1) [!].zip (Accepted Region (Fallback), Similarity: 1)
  WARNING: Copy succeeded but file was not immediately detectable. Confirm file is in destination.

Processing entry: 'M.U.S.H.A. (MUSHA Aleste)' (Searching for 'M U S H A' at 70%)
  -> Chosen: M.U.S.H.A (U) [!].zip (Highest Priority ([!] and (U)/(JUE)), Similarity: 1)
  WARNING: Copy succeeded but file was not immediately detectable. Confirm file is in destination.

Processing entry: 'Ristar' (Searching for 'Ristar' at 70%)
  No file found matching 'Ristar' above 70%.

Processing entry: 'Landstalker: The Treasures of King Nole' (Searching for 'Landstalker Treasures King Nole' at 70%)
  -> Chosen: Landstalker - The Treasures of King Nole (U) [!].zip (Highest Priority ([!] and (U)/(JUE)), Similarity: 1)
  WARNING: Copy succeeded but file was not immediately detectable. Confirm file is in destination.

Processing entry: 'Sonic the Hedgehog' (Searching for 'Sonic Hedgehog' at 70%)
  -> Chosen: Sonic the Hedgehog (JUE) [p1][!].zip (Highest Priority ([!] and (U)/(JUE)), Similarity: 1)
  WARNING: Copy succeeded but file was not immediately detectable. Confirm file is in destination.

Processing entry: 'ToeJam & Earl' (Searching for 'ToeJam Earl' at 70%)
  -> Chosen: Toejam & Earl (REV 00) (U) [!].zip (Highest Priority ([!] and (U)/(JUE)), Similarity: 1)
  WARNING: Copy succeeded but file was not immediately detectable. Confirm file is in destination.

Processing entry: 'Revenge of Shinobi (The Super Shinobi)' (Searching for 'Revenge Shinobi' at 70%)
  -> Chosen: Revenge of Shinobi, The (REV 00) (JUE) [R-USA-Jap][!].zip (Highest Priority ([!] and (U)/(JUE)), Similarity: 0.789473684210526)
  WARNING: Copy succeeded but file was not immediately detectable. Confirm file is in destination.

Processing entry: 'Dynamite Headdy' (Searching for 'Dynamite Headdy' at 70%)
  -> Chosen: Dynamite Headdy (beta) [h1].zip (Accepted Region (Fallback), Similarity: 1)
  WARNING: Copy succeeded but file was not immediately detectable. Confirm file is in destination.

Processing entry: 'Disney's Aladdin' (Searching for 'Disney s Aladdin' at 70%)
  -> TOKEN MATCH BOOST APPLIED: Score set to 0.95 due to perfect token subset.
  -> TOKEN MATCH BOOST APPLIED: Score set to 0.95 due to perfect token subset.
  -> TOKEN MATCH BOOST APPLIED: Score set to 0.95 due to perfect token subset.
  -> TOKEN MATCH BOOST APPLIED: Score set to 0.95 due to perfect token subset.
  -> TOKEN MATCH BOOST APPLIED: Score set to 0.95 due to perfect token subset.
  -> Chosen: Aladdin (U) [!].zip (Highest Priority ([!] and (U)/(JUE)), Similarity: 0.95)
  WARNING: Copy succeeded but file was not immediately detectable. Confirm file is in destination.

Processing entry: 'NHL '94' (Searching for 'NHL' at 70%)
  No file found matching 'NHL '94' above 70%.

Processing entry: 'Streets of Rage' (Searching for 'Streets Rage' at 70%)
  -> Chosen: Streets of Rage (JUE) [!].zip (Highest Priority ([!] and (U)/(JUE)), Similarity: 1)
  WARNING: Copy succeeded but file was not immediately detectable. Confirm file is in destination.

Processing entry: 'Crusader of Centy (Soleil)' (Searching for 'Crusader Centy' at 70%)
  -> Chosen: Crusader of Centy (U) [!].zip (Highest Priority ([!] and (U)/(JUE)), Similarity: 1)
  WARNING: Copy succeeded but file was not immediately detectable. Confirm file is in destination.

Processing entry: 'Ghouls 'n Ghosts' (Searching for 'Ghouls n Ghosts' at 70%)
  -> Chosen: Ghouls 'N Ghosts (REV 01) (JUE) [!].zip (Highest Priority ([!] and (U)/(JUE)), Similarity: 1)
  WARNING: Copy succeeded but file was not immediately detectable. Confirm file is in destination.

Processing entry: 'Desert Strike: Return to the Gulf' (Searching for 'Desert Strike Return to Gulf' at 70%)
  -> Chosen: Desert Strike - Return to the Gulf (U) [!].zip (Highest Priority ([!] and (U)/(JUE)), Similarity: 1)
  WARNING: Copy succeeded but file was not immediately detectable. Confirm file is in destination.

Processing entry: 'Vectorman' (Searching for 'Vectorman' at 70%)
  -> Chosen: Vectorman (F) (pre-release) [h1].zip (Accepted Region (Fallback), Similarity: 1)
  WARNING: Copy succeeded but file was not immediately detectable. Confirm file is in destination.

Processing entry: 'Shadowrun' (Searching for 'Shadowrun' at 70%)
  -> Chosen: Shadow Run (U) [!].zip (Highest Priority ([!] and (U)/(JUE)), Similarity: 0.9)
  WARNING: Copy succeeded but file was not immediately detectable. Confirm file is in destination.

Processing entry: 'Teenage Mutant Ninja Turtles: The Hyperstone Heist' (Searching for 'Teenage Mutant Ninja Turtles Hyperstone Heist' at 70%)
  -> Chosen: Teenage Mutant Ninja Turtles - The Hyperstone Heist (U) [h1].zip (High Priority ((U) or (JUE) only), Similarity: 1)
  WARNING: Copy succeeded but file was not immediately detectable. Confirm file is in destination.

Processing entry: 'QuackShot starring Donald Duck' (Searching for 'QuackShot Donald Duck' at 70%)
  -> Chosen: Quack Shot Starring Donald Duck (REV 00) (JUE) [!].zip (Highest Priority ([!] and (U)/(JUE)), Similarity: 0.954545454545455)
  WARNING: Copy succeeded but file was not immediately detectable. Confirm file is in destination.

Processing entry: 'Wonder Boy in Monster World' (Searching for 'Wonder Boy Monster World' at 70%)
  No file found matching 'Wonder Boy in Monster World' above 70%.

Processing entry: 'Battle Mania Daiginjou (JP Only)' (Searching for 'Battle Mania Daiginjou' at 70%)
  -> TOKEN MATCH BOOST APPLIED: Score set to 0.95 due to perfect token subset.
  -> TOKEN MATCH BOOST APPLIED: Score set to 0.95 due to perfect token subset.
  -> Chosen: Battle Mania (U) [h1].zip (High Priority ((U) or (JUE) only), Similarity: 0.95)
  WARNING: Copy succeeded but file was not immediately detectable. Confirm file is in destination.

Processing entry: 'Warsong (Langrisser)' (Searching for 'Warsong' at 70%)
  -> Chosen: Warsong (U) [!].zip (Highest Priority ([!] and (U)/(JUE)), Similarity: 1)
  WARNING: Copy succeeded but file was not immediately detectable. Confirm file is in destination.

Processing entry: 'Herzog Zwei' (Searching for 'Herzog Zwei' at 70%)
  -> Chosen: Herzog Zwei (U) [!].zip (Highest Priority ([!] and (U)/(JUE)), Similarity: 1)
  WARNING: Copy succeeded but file was not immediately detectable. Confirm file is in destination.

Processing entry: 'Road Rash II' (Searching for 'Road Rash II' at 70%)
  -> TOKEN MATCH BOOST APPLIED: Score set to 0.95 due to perfect token subset.
  -> TOKEN MATCH BOOST APPLIED: Score set to 0.95 due to perfect token subset.
  -> Chosen: Road Rash (U) [c][!].zip (Highest Priority ([!] and (U)/(JUE)), Similarity: 0.95)
  WARNING: Copy succeeded but file was not immediately detectable. Confirm file is in destination.

Processing entry: 'Mega Turrican' (Searching for 'Mega Turrican' at 70%)
  -> TOKEN MATCH BOOST APPLIED: Score set to 0.95 due to perfect token subset.
  -> TOKEN MATCH BOOST APPLIED: Score set to 0.95 due to perfect token subset.
  -> TOKEN MATCH BOOST APPLIED: Score set to 0.95 due to perfect token subset.
  -> TOKEN MATCH BOOST APPLIED: Score set to 0.95 due to perfect token subset.
  -> Chosen: Mega Turrican (U) [!].zip (Highest Priority ([!] and (U)/(JUE)), Similarity: 1)
  WARNING: Copy succeeded but file was not immediately detectable. Confirm file is in destination.

Processing entry: 'Mortal Kombat II' (Searching for 'Mortal Kombat II' at 70%)
  -> TOKEN MATCH BOOST APPLIED: Score set to 0.95 due to perfect token subset.
  -> TOKEN MATCH BOOST APPLIED: Score set to 0.95 due to perfect token subset.
  -> TOKEN MATCH BOOST APPLIED: Score set to 0.95 due to perfect token subset.
  -> Chosen: Mortal Kombat (REV 00) (JUE) [!].zip (Highest Priority ([!] and (U)/(JUE)), Similarity: 0.95)
  WARNING: Copy succeeded but file was not immediately detectable. Confirm file is in destination.

Processing entry: 'Shining Force' (Searching for 'Shining Force' at 70%)
  -> Chosen: Shining Force 2 (U) [!].zip (Highest Priority ([!] and (U)/(JUE)), Similarity: 0.866666666666667)
  WARNING: Copy succeeded but file was not immediately detectable. Confirm file is in destination.

Processing entry: 'Flashback: The Quest for Identity' (Searching for 'Flashback Quest for Identity' at 70%)
  -> Chosen: Flashback - The Quest for Identity (U) [!].zip (Highest Priority ([!] and (U)/(JUE)), Similarity: 1)
  WARNING: Copy succeeded but file was not immediately detectable. Confirm file is in destination.

Processing entry: 'The Adventures of Batman & Robin' (Searching for 'Adventures Batman Robin' at 70%)
  -> TOKEN MATCH BOOST APPLIED: Score set to 0.95 due to perfect token subset.
  -> TOKEN MATCH BOOST APPLIED: Score set to 0.95 due to perfect token subset.
  -> TOKEN MATCH BOOST APPLIED: Score set to 0.95 due to perfect token subset.
  -> TOKEN MATCH BOOST APPLIED: Score set to 0.95 due to perfect token subset.
  -> TOKEN MATCH BOOST APPLIED: Score set to 0.95 due to perfect token subset.
  -> Chosen: Batman (beta).zip (Accepted Region (Fallback), Similarity: 0.95)
  Copy SUCCESSFUL. File confirmed at: D:\ROMs\Genesis\_BEST\Batman (beta).zip

Processing entry: 'Ranger X (Ex-Ranza)' (Searching for 'Ranger X' at 70%)
  -> Chosen: Ranger-X (U) [!].zip (Highest Priority ([!] and (U)/(JUE)), Similarity: 1)
  WARNING: Copy succeeded but file was not immediately detectable. Confirm file is in destination.

Processing entry: 'Earthworm Jim' (Searching for 'Earthworm Jim' at 70%)
  -> Chosen: Earthworm Jim (U) [!].zip (Highest Priority ([!] and (U)/(JUE)), Similarity: 1)
  WARNING: Copy succeeded but file was not immediately detectable. Confirm file is in destination.

Processing entry: 'Monster World IV' (Searching for 'Monster World IV' at 70%)
  No file found matching 'Monster World IV' above 70%.

Processing entry: 'General Chaos' (Searching for 'General Chaos' at 70%)
  -> Chosen: General Chaos (UEJ) [!].zip (Accepted Region (Fallback), Similarity: 1)
  WARNING: Copy succeeded but file was not immediately detectable. Confirm file is in destination.

Processing entry: 'Magical Hat Flying Turbo! Adventure (Decap Attack)' (Searching for 'Magical Hat Flying Turbo Adventure' at 70%)
  No file found matching 'Magical Hat Flying Turbo! Adventure (Decap Attack)' above 70%.

Processing entry: 'Golden Axe II' (Searching for 'Golden Axe II' at 70%)
  -> TOKEN MATCH BOOST APPLIED: Score set to 0.95 due to perfect token subset.
  -> TOKEN MATCH BOOST APPLIED: Score set to 0.95 due to perfect token subset.
  -> TOKEN MATCH BOOST APPLIED: Score set to 0.95 due to perfect token subset.
  -> TOKEN MATCH BOOST APPLIED: Score set to 0.95 due to perfect token subset.
  -> TOKEN MATCH BOOST APPLIED: Score set to 0.95 due to perfect token subset.
  -> Chosen: Golden Axe 2 (JUE) [!].zip (Highest Priority ([!] and (U)/(JUE)), Similarity: 0.846153846153846)
  WARNING: Copy succeeded but file was not immediately detectable. Confirm file is in destination.

Processing entry: 'NBA Jam Tournament Edition' (Searching for 'NBA Jam Tournament Edition' at 70%)
  -> TOKEN MATCH BOOST APPLIED: Score set to 0.95 due to perfect token subset.
  -> Chosen: NBA Jam Tournament Edition (REV 01) (JUE) [!].zip (Highest Priority ([!] and (U)/(JUE)), Similarity: 1)
  WARNING: Copy succeeded but file was not immediately detectable. Confirm file is in destination.

Processing entry: 'Pirates! Gold' (Searching for 'Pirates Gold' at 70%)
  -> Chosen: Pirates Gold (U) [!].zip (Highest Priority ([!] and (U)/(JUE)), Similarity: 1)
  WARNING: Copy succeeded but file was not immediately detectable. Confirm file is in destination.

Processing entry: 'Splatterhouse 3' (Searching for 'Splatterhouse 3' at 70%)
  -> Chosen: Splatter House 3 (U) [c][!].zip (Highest Priority ([!] and (U)/(JUE)), Similarity: 0.9375)
  WARNING: Copy succeeded but file was not immediately detectable. Confirm file is in destination.

Processing entry: 'Super Street Fighter II: The New Challengers' (Searching for 'Super Street Fighter II New Challengers' at 70%)
  -> Chosen: Super Street Fighter 2 - The New Challengers (J) [c][!].zip (Accepted Region (Fallback), Similarity: 0.948717948717949)
  WARNING: Copy succeeded but file was not immediately detectable. Confirm file is in destination.

Processing entry: 'X-Men 2: Clone Wars' (Searching for 'X Men 2 Clone Wars' at 70%)
  -> TOKEN MATCH BOOST APPLIED: Score set to 0.95 due to perfect token subset.
  -> TOKEN MATCH BOOST APPLIED: Score set to 0.95 due to perfect token subset.
  -> TOKEN MATCH BOOST APPLIED: Score set to 0.95 due to perfect token subset.
  -> Chosen: X-Men (U) [!].zip (Highest Priority ([!] and (U)/(JUE)), Similarity: 0.95)
  WARNING: Copy succeeded but file was not immediately detectable. Confirm file is in destination.

Processing entry: 'Shadow Dancer: The Secret of Shinobi' (Searching for 'Shadow Dancer Secret Shinobi' at 70%)
  -> TOKEN MATCH BOOST APPLIED: Score set to 0.95 due to perfect token subset.
  -> TOKEN MATCH BOOST APPLIED: Score set to 0.95 due to perfect token subset.
  -> TOKEN MATCH BOOST APPLIED: Score set to 0.95 due to perfect token subset.
  -> TOKEN MATCH BOOST APPLIED: Score set to 0.95 due to perfect token subset.
  -> TOKEN MATCH BOOST APPLIED: Score set to 0.95 due to perfect token subset.
  -> Chosen: Shadow Dancer (JUE) [c][!].zip (Highest Priority ([!] and (U)/(JUE)), Similarity: 0.95)
  WARNING: Copy succeeded but file was not immediately detectable. Confirm file is in destination.

Processing entry: 'World of Illusion Starring Mickey Mouse and Donald Duck' (Searching for 'World Illusion Mickey Mouse Donald Duck' at 70%)
  -> TOKEN MATCH BOOST APPLIED: Score set to 0.95 due to perfect token subset.
  -> TOKEN MATCH BOOST APPLIED: Score set to 0.95 due to perfect token subset.
  -> TOKEN MATCH BOOST APPLIED: Score set to 0.95 due to perfect token subset.
  -> TOKEN MATCH BOOST APPLIED: Score set to 0.95 due to perfect token subset.
  -> Chosen: Mickey Mouse - World of Illusion (U) [!].zip (Highest Priority ([!] and (U)/(JUE)), Similarity: 0.95)
  WARNING: Copy succeeded but file was not immediately detectable. Confirm file is in destination.

Processing entry: 'Mega Bomberman (Bomberman '94)' (Searching for 'Mega Bomberman' at 70%)
  -> Chosen: Mega Bomberman (JUE) [!].zip (Highest Priority ([!] and (U)/(JUE)), Similarity: 1)
  WARNING: Copy succeeded but file was not immediately detectable. Confirm file is in destination.

Processing entry: 'Fatal Fury 2' (Searching for 'Fatal Fury 2' at 70%)
  -> TOKEN MATCH BOOST APPLIED: Score set to 0.95 due to perfect token subset.
  -> TOKEN MATCH BOOST APPLIED: Score set to 0.95 due to perfect token subset.
  -> TOKEN MATCH BOOST APPLIED: Score set to 0.95 due to perfect token subset.
  -> TOKEN MATCH BOOST APPLIED: Score set to 0.95 due to perfect token subset.
  -> Chosen: Fatal Fury (U) [!].zip (Highest Priority ([!] and (U)/(JUE)), Similarity: 0.95)
  WARNING: Copy succeeded but file was not immediately detectable. Confirm file is in destination.

Processing entry: 'Strider' (Searching for 'Strider' at 70%)
  -> Chosen: Strider 2 (JUE) [R-Eur][h1].zip (High Priority ((U) or (JUE) only), Similarity: 0.777777777777778)
  WARNING: Copy succeeded but file was not immediately detectable. Confirm file is in destination.

Processing entry: 'ToeJam & Earl in Panic on Funkotron' (Searching for 'ToeJam Earl Panic on Funkotron' at 70%)
  -> TOKEN MATCH BOOST APPLIED: Score set to 0.95 due to perfect token subset.
  -> TOKEN MATCH BOOST APPLIED: Score set to 0.95 due to perfect token subset.
  -> TOKEN MATCH BOOST APPLIED: Score set to 0.95 due to perfect token subset.
  -> TOKEN MATCH BOOST APPLIED: Score set to 0.95 due to perfect token subset.
  -> TOKEN MATCH BOOST APPLIED: Score set to 0.95 due to perfect token subset.
  -> TOKEN MATCH BOOST APPLIED: Score set to 0.95 due to perfect token subset.
  -> Chosen: Toejam & Earl in Panic on Funkotron (U) [!].zip (Highest Priority ([!] and (U)/(JUE)), Similarity: 1)
  WARNING: Copy succeeded but file was not immediately detectable. Confirm file is in destination.

Processing entry: 'Alisia Dragoon' (Searching for 'Alisia Dragoon' at 70%)
  -> Chosen: Alisia Dragoon (beta).zip (Accepted Region (Fallback), Similarity: 1)
  Copy SUCCESSFUL. File confirmed at: D:\ROMs\Genesis\_BEST\Alisia Dragoon (beta).zip

Processing entry: 'Ecco the Dolphin' (Searching for 'Ecco Dolphin' at 70%)
  -> TOKEN MATCH BOOST APPLIED: Score set to 0.95 due to perfect token subset.
  -> TOKEN MATCH BOOST APPLIED: Score set to 0.95 due to perfect token subset.
  -> TOKEN MATCH BOOST APPLIED: Score set to 0.95 due to perfect token subset.
  -> TOKEN MATCH BOOST APPLIED: Score set to 0.95 due to perfect token subset.
  -> Chosen: ECCO (U) [!].zip (Highest Priority ([!] and (U)/(JUE)), Similarity: 0.95)
  WARNING: Copy succeeded but file was not immediately detectable. Confirm file is in destination.

Processing entry: 'Mutant League Football' (Searching for 'Mutant League Football' at 70%)
  -> Chosen: Mutant League Football (JU) [R-Jap][!].zip (Accepted Region (Fallback), Similarity: 1)
  WARNING: Copy succeeded but file was not immediately detectable. Confirm file is in destination.

Processing entry: 'Zero Tolerance' (Searching for 'Zero Tolerance' at 70%)
  -> Chosen: Zero Tolerance (JUE) [!].zip (Highest Priority ([!] and (U)/(JUE)), Similarity: 1)
  WARNING: Copy succeeded but file was not immediately detectable. Confirm file is in destination.

Processing entry: 'Phantasy Star II' (Searching for 'Phantasy Star II' at 70%)
  -> Chosen: Phantasy Star 2 (J) [h1].zip (Accepted Region (Fallback), Similarity: 0.875)
  WARNING: Copy succeeded but file was not immediately detectable. Confirm file is in destination.

Processing entry: 'The Lost Vikings' (Searching for 'Lost Vikings' at 70%)
  -> Chosen: Lost Vikings, The (U) [!].zip (Highest Priority ([!] and (U)/(JUE)), Similarity: 0.75)
  WARNING: Copy succeeded but file was not immediately detectable. Confirm file is in destination.

Processing entry: 'Micro Machines Turbo Tournament '96' (Searching for 'Micro Machines Turbo Tournament' at 70%)
  -> TOKEN MATCH BOOST APPLIED: Score set to 0.95 due to perfect token subset.
  -> TOKEN MATCH BOOST APPLIED: Score set to 0.95 due to perfect token subset.
  -> TOKEN MATCH BOOST APPLIED: Score set to 0.95 due to perfect token subset.
  -> TOKEN MATCH BOOST APPLIED: Score set to 0.95 due to perfect token subset.
  -> Chosen: Micro Machines 2 - Turbo Tournament (JUE) (J-Cart) [c][!].zip (Highest Priority ([!] and (U)/(JUE)), Similarity: 0.939393939393939)
  WARNING: Copy succeeded but file was not immediately detectable. Confirm file is in destination.

Processing entry: 'Robocop Versus The Terminator' (Searching for 'Robocop The Terminator' at 70%)
  -> TOKEN MATCH BOOST APPLIED: Score set to 0.95 due to perfect token subset.
  -> TOKEN MATCH BOOST APPLIED: Score set to 0.95 due to perfect token subset.
  -> Chosen: Robocop vs The Terminator (REV 069) (U) (beta) [a1].zip (High Priority ((U) or (JUE) only), Similarity: 1)
  WARNING: Copy succeeded but file was not immediately detectable. Confirm file is in destination.

Processing entry: 'Dr. Robotnik's Mean Bean Machine' (Searching for 'Dr Robotnik s Mean Bean Machine' at 70%)
  -> Chosen: Dr. Robotnik's Mean Bean Machine (U) [h1].zip (High Priority ((U) or (JUE) only), Similarity: 1)
  WARNING: Copy succeeded but file was not immediately detectable. Confirm file is in destination.

Processing entry: 'Shining in the Darkness' (Searching for 'Shining the Darkness' at 70%)
  -> Chosen: Shining in the Darkness (U) [!].zip (Highest Priority ([!] and (U)/(JUE)), Similarity: 1)
  WARNING: Copy succeeded but file was not immediately detectable. Confirm file is in destination.

Processing entry: 'Golden Axe' (Searching for 'Golden Axe' at 70%)
  -> Chosen: Golden Axe 2 (JUE) [!].zip (Highest Priority ([!] and (U)/(JUE)), Similarity: 0.833333333333333)
  WARNING: Copy succeeded but file was not immediately detectable. Confirm file is in destination.

Processing entry: 'Jurassic Park' (Searching for 'Jurassic Park' at 70%)
  -> Chosen: Jurassic Park (U) [!].zip (Highest Priority ([!] and (U)/(JUE)), Similarity: 1)
  WARNING: Copy succeeded but file was not immediately detectable. Confirm file is in destination.

Processing entry: 'Gaiares' (Searching for 'Gaiares' at 70%)
  -> Chosen: Gaiares (JU) [!].zip (Accepted Region (Fallback), Similarity: 1)
  WARNING: Copy succeeded but file was not immediately detectable. Confirm file is in destination.

Processing entry: 'Kid Chameleon' (Searching for 'Kid Chameleon' at 70%)
  -> Chosen: Kid Chameleon (JUE) [!].zip (Highest Priority ([!] and (U)/(JUE)), Similarity: 1)
  WARNING: Copy succeeded but file was not immediately detectable. Confirm file is in destination.

Processing entry: 'Street Fighter II' Special Champion Edition' (Searching for 'Street Fighter II Special Champion Edition' at 70%)
  -> Chosen: Street Fighter 2 Special Champion Edition (U) [!].zip (Highest Priority ([!] and (U)/(JUE)), Similarity: 0.952380952380952)
  WARNING: Copy succeeded but file was not immediately detectable. Confirm file is in destination.

Processing entry: 'John Madden Football (any entry, typically '94 or '95)' (Searching for 'John Madden Football' at 70%)
  -> Chosen: John Madden Football 91 (U) [!].zip (Highest Priority ([!] and (U)/(JUE)), Similarity: 0.869565217391304)
  WARNING: Copy succeeded but file was not immediately detectable. Confirm file is in destination.

Processing entry: 'Castle of Illusion Starring Mickey Mouse' (Searching for 'Castle Illusion Mickey Mouse' at 70%)
  -> TOKEN MATCH BOOST APPLIED: Score set to 0.95 due to perfect token subset.
  -> TOKEN MATCH BOOST APPLIED: Score set to 0.95 due to perfect token subset.
  -> TOKEN MATCH BOOST APPLIED: Score set to 0.95 due to perfect token subset.
  -> Chosen: Mickey Mouse - Castle of Illusion (U) [!].zip (Highest Priority ([!] and (U)/(JUE)), Similarity: 0.95)
  WARNING: Copy succeeded but file was not immediately detectable. Confirm file is in destination.

Processing entry: 'Road Rash' (Searching for 'Road Rash' at 70%)
  -> Chosen: Road Rash (U) [c][!].zip (Highest Priority ([!] and (U)/(JUE)), Similarity: 1)
  WARNING: Copy succeeded but file was not immediately detectable. Confirm file is in destination.

Processing entry: 'Alien Soldier' (Searching for 'Alien Soldier' at 70%)
  -> Chosen: Alien Soldier (A) [!].zip (Accepted Region (Fallback), Similarity: 1)
  WARNING: Copy succeeded but file was not immediately detectable. Confirm file is in destination.

Processing entry: 'Jungle Strike' (Searching for 'Jungle Strike' at 70%)
  -> Chosen: Jungle Strike (beta) [a1].zip (Accepted Region (Fallback), Similarity: 1)
  WARNING: Copy succeeded but file was not immediately detectable. Confirm file is in destination.

Processing entry: 'Truxton (Tatsujin)' (Searching for 'Truxton' at 70%)
  -> Chosen: Truxton (JU) [!].zip (Accepted Region (Fallback), Similarity: 1)
  WARNING: Copy succeeded but file was not immediately detectable. Confirm file is in destination.

Processing entry: 'Virtua Racing' (Searching for 'Virtua Racing' at 70%)
  -> Chosen: Virtua Racing (U) [h1].zip (High Priority ((U) or (JUE) only), Similarity: 1)
  WARNING: Copy succeeded but file was not immediately detectable. Confirm file is in destination.

Processing entry: 'Fatal Labyrinth' (Searching for 'Fatal Labyrinth' at 70%)
  -> Chosen: Fatal Labyrinth (JU) [!].zip (Accepted Region (Fallback), Similarity: 1)
  WARNING: Copy succeeded but file was not immediately detectable. Confirm file is in destination.

Processing entry: 'Michael Jackson's Moonwalker' (Searching for 'Michael Jackson s Moonwalker' at 70%)
  -> Chosen: Michael Jackson's Moonwalker (REV 00) (JUE) [!].zip (Highest Priority ([!] and (U)/(JUE)), Similarity: 1)
  WARNING: Copy succeeded but file was not immediately detectable. Confirm file is in destination.

Processing entry: 'Samurai Shodown' (Searching for 'Samurai Shodown' at 70%)
  -> Chosen: Samurai Shodown (U) [!].zip (Highest Priority ([!] and (U)/(JUE)), Similarity: 1)
  WARNING: Copy succeeded but file was not immediately detectable. Confirm file is in destination.

Processing entry: 'Atomic Robo-Kid' (Searching for 'Atomic Robo Kid' at 70%)
  -> Chosen: Atomic Robo Kid (U) [c][!].zip (Highest Priority ([!] and (U)/(JUE)), Similarity: 1)
  WARNING: Copy succeeded but file was not immediately detectable. Confirm file is in destination.

Processing entry: 'Gargoyles' (Searching for 'Gargoyles' at 70%)
  -> Chosen: Gargoyles (4) [!].zip (Accepted Region (Fallback), Similarity: 1)
  WARNING: Copy succeeded but file was not immediately detectable. Confirm file is in destination.

Processing entry: 'Bio-Hazard Battle' (Searching for 'Bio Hazard Battle' at 70%)
  -> Chosen: Bio-Hazard Battle (Aug 1992) (U) [h1].zip (High Priority ((U) or (JUE) only), Similarity: 1)
  WARNING: Copy succeeded but file was not immediately detectable. Confirm file is in destination.

Processing entry: 'Zombies Ate My Neighbors' (Searching for 'Zombies Ate My Neighbors' at 70%)
  -> TOKEN MATCH BOOST APPLIED: Score set to 0.95 due to perfect token subset.
  -> Chosen: Zombies Ate My Neighbors (U) [c][!].zip (Highest Priority ([!] and (U)/(JUE)), Similarity: 1)
  WARNING: Copy succeeded but file was not immediately detectable. Confirm file is in destination.

Processing entry: 'Batman: The Video Game' (Searching for 'Batman Video Game' at 70%)
  -> TOKEN MATCH BOOST APPLIED: Score set to 0.95 due to perfect token subset.
  -> TOKEN MATCH BOOST APPLIED: Score set to 0.95 due to perfect token subset.
  -> TOKEN MATCH BOOST APPLIED: Score set to 0.95 due to perfect token subset.
  -> TOKEN MATCH BOOST APPLIED: Score set to 0.95 due to perfect token subset.
  -> TOKEN MATCH BOOST APPLIED: Score set to 0.95 due to perfect token subset.
  -> Chosen: Batman (beta).zip (Accepted Region (Fallback), Similarity: 0.95)
  Copy SUCCESSFUL. File confirmed at: D:\ROMs\Genesis\_BEST\Batman (beta).zip

Processing entry: 'Mercs' (Searching for 'Mercs' at 70%)
  -> Chosen: Mercs (JUE) [!].zip (Highest Priority ([!] and (U)/(JUE)), Similarity: 1)
  WARNING: Copy succeeded but file was not immediately detectable. Confirm file is in destination.

Processing entry: 'The Ooze' (Searching for 'Ooze' at 70%)
  No file found matching 'The Ooze' above 70%.

Processing entry: 'Eternal Champions' (Searching for 'Eternal Champions' at 70%)
  -> Chosen: Eternal Champions (U) [!].zip (Highest Priority ([!] and (U)/(JUE)), Similarity: 1)
  WARNING: Copy succeeded but file was not immediately detectable. Confirm file is in destination.

Processing entry: 'Chiki Chiki Boys (Mega Twins)' (Searching for 'Chiki Chiki Boys' at 70%)
  -> Chosen: Chiki Chiki Boys (U) [!].zip (Highest Priority ([!] and (U)/(JUE)), Similarity: 1)
  WARNING: Copy succeeded but file was not immediately detectable. Confirm file is in destination.

Processing entry: 'Elemental Master' (Searching for 'Elemental Master' at 70%)
  -> Chosen: Elemental Master (U) [!].zip (Highest Priority ([!] and (U)/(JUE)), Similarity: 1)
  WARNING: Copy succeeded but file was not immediately detectable. Confirm file is in destination.

Processing entry: 'Light Crusader' (Searching for 'Light Crusader' at 70%)
  -> Chosen: Light Crusader (4) [!].zip (Accepted Region (Fallback), Similarity: 1)
  WARNING: Copy succeeded but file was not immediately detectable. Confirm file is in destination.

Processing entry: 'Sunset Riders' (Searching for 'Sunset Riders' at 70%)
  -> Chosen: Sunset Riders (U) [!].zip (Highest Priority ([!] and (U)/(JUE)), Similarity: 1)
  WARNING: Copy succeeded but file was not immediately detectable. Confirm file is in destination.

Processing entry: 'NBA Live '96 (or '97/98)' (Searching for 'NBA Live' at 70%)
  -> Chosen: NBA Live 95 (UEJ) [!].zip (Accepted Region (Fallback), Similarity: 0.727272727272727)
  WARNING: Copy succeeded but file was not immediately detectable. Confirm file is in destination.

Processing entry: 'Splatterhouse 2' (Searching for 'Splatterhouse 2' at 70%)
  -> Chosen: Splatter House 2 (U) [c][!].zip (Highest Priority ([!] and (U)/(JUE)), Similarity: 0.9375)
  WARNING: Copy succeeded but file was not immediately detectable. Confirm file is in destination.

Processing entry: 'Super Hang-On' (Searching for 'Super Hang On' at 70%)
  -> Chosen: Super Hang-On (REV 00) (JUE) [p1][!].zip (Highest Priority ([!] and (U)/(JUE)), Similarity: 1)
  WARNING: Copy succeeded but file was not immediately detectable. Confirm file is in destination.

Processing entry: 'Wrestle War' (Searching for 'Wrestle War' at 70%)
  -> Chosen: Wrestle War (J) [c][!].zip (Accepted Region (Fallback), Similarity: 1)
  WARNING: Copy succeeded but file was not immediately detectable. Confirm file is in destination.

Processing entry: 'Altered Beast' (Searching for 'Altered Beast' at 70%)
  -> Chosen: Altered Beast (REV 00) (JU) [x].zip (Accepted Region (Fallback), Similarity: 1)
  WARNING: Copy succeeded but file was not immediately detectable. Confirm file is in destination.

Processing entry: 'Battletoads & Double Dragon' (Searching for 'Battletoads Double Dragon' at 70%)
  -> TOKEN MATCH BOOST APPLIED: Score set to 0.95 due to perfect token subset.
  -> Chosen: Battletoads (JUE) [!].zip (Highest Priority ([!] and (U)/(JUE)), Similarity: 0.95)
  WARNING: Copy succeeded but file was not immediately detectable. Confirm file is in destination.

--------------------------------------------------------
Script finished. Copy operations complete.
Total time elapsed: 00:04:37
--------------------------------------------------------

Missed Games Report: 6 games not found (or similarity too low):
  1. Ristar
  2. NHL '94
  3. Wonder Boy in Monster World
  4. Monster World IV
  5. Magical Hat Flying Turbo! Adventure (Decap Attack)
  6. The Ooze

--------------------------------------------------------

Starting secondary scan for missed games at 50% similarity...

Processing entry: 'Ristar' (Searching for 'Ristar' at 50%)
  -> Chosen: Risk (U) [!].zip (Highest Priority ([!] and (U)/(JUE)), Similarity: 0.5)
  WARNING: Copy succeeded but file was not immediately detectable. Confirm file is in destination.

Processing entry: 'NHL '94' (Searching for 'NHL' at 50%)
  -> Chosen: NHL 95 (EUJ) [!].zip (Accepted Region (Fallback), Similarity: 0.5)
  WARNING: Copy succeeded but file was not immediately detectable. Confirm file is in destination.

Processing entry: 'Wonder Boy in Monster World' (Searching for 'Wonder Boy Monster World' at 50%)
  -> Chosen: Wonderboy 3 - Monster Lair (JUE) [c][!].zip (Highest Priority ([!] and (U)/(JUE)), Similarity: 0.666666666666667)
  WARNING: Copy succeeded but file was not immediately detectable. Confirm file is in destination.

Processing entry: 'Monster World IV' (Searching for 'Monster World IV' at 50%)
  -> Chosen: Waterworld (U) [h1].zip (High Priority ((U) or (JUE) only), Similarity: 0.5)
  WARNING: Copy succeeded but file was not immediately detectable. Confirm file is in destination.

Processing entry: 'Magical Hat Flying Turbo! Adventure (Decap Attack)' (Searching for 'Magical Hat Flying Turbo Adventure' at 50%)
  -> Chosen: Magical Taluluto Adventure (J) [!].zip (Accepted Region (Fallback), Similarity: 0.647058823529412)
  WARNING: Copy succeeded but file was not immediately detectable. Confirm file is in destination.

Processing entry: 'The Ooze' (Searching for 'Ooze' at 50%)
  -> Chosen: Ooze, The (5) [h1].zip (Accepted Region (Fallback), Similarity: 0.5)
  WARNING: Copy succeeded but file was not immediately detectable. Confirm file is in destination.

--------------------------------------------------------
Secondary scan complete.
Secondary scan time elapsed: 00:00:21

SUCCESS! All remaining games were matched and processed in the secondary scan!
--------------------------------------------------------
Check your destination folder for all copied files.
Transcript stopped, output file is C:\Users\elriz\Documents\_coderepositories\bestOfRoms\results\results_aa.txt
PS C:\Users\elriz\Documents\_coderepositories\bestOfRoms> .\gamelister.ps1
PS C:\Users\elriz\Documents\_coderepositories\bestOfRoms> git status
On branch feat-adv
Changes not staged for commit:
  (use "git add <file>..." to update what will be committed)
  (use "git restore <file>..." to discard changes in working directory)
	modified:   MOVE_ROMS.ps1

Untracked files:
  (use "git add <file>..." to include in what will be committed)
	gameslist-genesis.txt
	results/

no changes added to commit (use "git add" and/or "git commit -a")
PS C:\Users\elriz\Documents\_coderepositories\bestOfRoms> git add .
git : warning: in the working copy of 'results/results_aa.txt', LF will be replaced by CRLF the next time Git touches it
At line:1 char:1
+ git add .
+ ~~~~~~~~~
    + CategoryInfo          : NotSpecified: (warning: in the... Git touches it:String) [], RemoteException
    + FullyQualifiedErrorId : NativeCommandError
git : warning: in the working copy of 'results/results_aa.txt', LF will be replaced by CRLF the next time Git
touches it
At line:1 char:1
+ git add .
+ ~~~~~~~~~
    + CategoryInfo          : NotSpecified: (warning: in the... Git touches it:String) [], RemoteException
    + FullyQualifiedErrorId : NativeCommandError

warning: in the working copy of 'results/results_bb.txt', LF will be replaced by CRLF the next time Git touches it
warning: in the working copy of 'results/results_bb.txt', LF will be replaced by CRLF the next time Git touches it
warning: in the working copy of 'results/results_jj.txt', LF will be replaced by CRLF the next time Git touches it
warning: in the working copy of 'results/results_jj.txt', LF will be replaced by CRLF the next time Git touches it
warning: in the working copy of 'results/results_ll.txt', LF will be replaced by CRLF the next time Git touches it
warning: in the working copy of 'results/results_ll.txt', LF will be replaced by CRLF the next time Git touches it
warning: in the working copy of 'results/results_mm.txt', LF will be replaced by CRLF the next time Git touches it
warning: in the working copy of 'results/results_mm.txt', LF will be replaced by CRLF the next time Git touches it
warning: in the working copy of 'results/results_oo.txt', LF will be replaced by CRLF the next time Git touches it
warning: in the working copy of 'results/results_oo.txt', LF will be replaced by CRLF the next time Git touches it
warning: in the working copy of 'results/results_zz.txt', LF will be replaced by CRLF the next time Git touches it
warning: in the working copy of 'results/results_zz.txt', LF will be replaced by CRLF the next time Git touches it
